Component: Arm Compiler for Embedded 6.18 Tool: armlink [5e4cc100]

==============================================================================

Section Cross References

    startup_stm32l432xx.o(RESET) refers to startup_stm32l432xx.o(STACK) for __initial_sp
    startup_stm32l432xx.o(RESET) refers to startup_stm32l432xx.o(.text) for Reset_Handler
    startup_stm32l432xx.o(RESET) refers to stm32l4xx_it.o(.text.NMI_Handler) for NMI_Handler
    startup_stm32l432xx.o(RESET) refers to stm32l4xx_it.o(.text.HardFault_Handler) for HardFault_Handler
    startup_stm32l432xx.o(RESET) refers to stm32l4xx_it.o(.text.MemManage_Handler) for MemManage_Handler
    startup_stm32l432xx.o(RESET) refers to stm32l4xx_it.o(.text.BusFault_Handler) for BusFault_Handler
    startup_stm32l432xx.o(RESET) refers to stm32l4xx_it.o(.text.UsageFault_Handler) for UsageFault_Handler
    startup_stm32l432xx.o(RESET) refers to stm32l4xx_it.o(.text.SVC_Handler) for SVC_Handler
    startup_stm32l432xx.o(RESET) refers to stm32l4xx_it.o(.text.DebugMon_Handler) for DebugMon_Handler
    startup_stm32l432xx.o(RESET) refers to stm32l4xx_it.o(.text.PendSV_Handler) for PendSV_Handler
    startup_stm32l432xx.o(RESET) refers to stm32l4xx_it.o(.text.SysTick_Handler) for SysTick_Handler
    startup_stm32l432xx.o(RESET) refers to stm32l4xx_it.o(.text.TIM2_IRQHandler) for TIM2_IRQHandler
    startup_stm32l432xx.o(.text) refers to system_stm32l4xx.o(.text.SystemInit) for SystemInit
    startup_stm32l432xx.o(.text) refers to entry.o(.ARM.Collect$$$$00000000) for __main
    network.o(.text.ai_network_get_info) refers to ai_platform_interface.o(i.ai_platform_context_acquire) for ai_platform_context_acquire
    network.o(.text.ai_network_get_info) refers to network.o(.rodata.str1.1) for .L.str
    network.o(.text.ai_network_get_info) refers to ai_platform_interface.o(i.ai_platform_runtime_get_revision) for ai_platform_runtime_get_revision
    network.o(.text.ai_network_get_info) refers to ai_platform_interface.o(i.ai_platform_runtime_get_version) for ai_platform_runtime_get_version
    network.o(.text.ai_network_get_info) refers to ai_platform_interface.o(i.ai_platform_api_get_version) for ai_platform_api_get_version
    network.o(.text.ai_network_get_info) refers to ai_platform_interface.o(i.ai_platform_interface_api_get_version) for ai_platform_interface_api_get_version
    network.o(.text.ai_network_get_info) refers to memseta.o(.text) for __aeabi_memclr4
    network.o(.text.ai_network_get_info) refers to ai_platform_interface.o(i.ai_platform_api_get_network_report) for ai_platform_api_get_network_report
    network.o(.text.ai_network_get_info) refers to memcpya.o(.text) for __aeabi_memcpy4
    network.o(.ARM.exidx.text.ai_network_get_info) refers to network.o(.text.ai_network_get_info) for [Anonymous Symbol]
    network.o(.text.ai_network_get_report) refers to ai_platform_interface.o(i.ai_platform_context_acquire) for ai_platform_context_acquire
    network.o(.text.ai_network_get_report) refers to network.o(.rodata.str1.1) for .L.str
    network.o(.text.ai_network_get_report) refers to ai_platform_interface.o(i.ai_platform_runtime_get_revision) for ai_platform_runtime_get_revision
    network.o(.text.ai_network_get_report) refers to ai_platform_interface.o(i.ai_platform_runtime_get_version) for ai_platform_runtime_get_version
    network.o(.text.ai_network_get_report) refers to ai_platform_interface.o(i.ai_platform_api_get_version) for ai_platform_api_get_version
    network.o(.text.ai_network_get_report) refers to ai_platform_interface.o(i.ai_platform_interface_api_get_version) for ai_platform_interface_api_get_version
    network.o(.text.ai_network_get_report) refers to memseta.o(.text) for __aeabi_memclr4
    network.o(.text.ai_network_get_report) refers to ai_platform_interface.o(i.ai_platform_api_get_network_report) for ai_platform_api_get_network_report
    network.o(.text.ai_network_get_report) refers to memcpya.o(.text) for __aeabi_memcpy4
    network.o(.ARM.exidx.text.ai_network_get_report) refers to network.o(.text.ai_network_get_report) for [Anonymous Symbol]
    network.o(.text.ai_network_get_error) refers to ai_platform_interface.o(i.ai_platform_network_get_error) for ai_platform_network_get_error
    network.o(.ARM.exidx.text.ai_network_get_error) refers to network.o(.text.ai_network_get_error) for [Anonymous Symbol]
    network.o(.text.ai_network_create) refers to network.o(.data.g_network) for g_network
    network.o(.text.ai_network_create) refers to ai_platform_interface.o(i.ai_platform_network_create) for ai_platform_network_create
    network.o(.ARM.exidx.text.ai_network_create) refers to network.o(.text.ai_network_create) for [Anonymous Symbol]
    network.o(.text.ai_network_create_and_init) refers to network.o(.data.g_network) for g_network
    network.o(.text.ai_network_create_and_init) refers to ai_platform_interface.o(i.ai_platform_network_create) for ai_platform_network_create
[...]
    .compoundliteral.36                      0x200001b0   Data          16  network.o(.data..compoundliteral.36)
    [Anonymous Symbol]                       0x200001b0   Section        0  network.o(.data..compoundliteral.36)
    .compoundliteral.37                      0x200001c0   Data          16  network.o(.data..compoundliteral.37)
    [Anonymous Symbol]                       0x200001c0   Section        0  network.o(.data..compoundliteral.37)
    .compoundliteral.39                      0x200001d0   Data          16  network.o(.data..compoundliteral.39)
    [Anonymous Symbol]                       0x200001d0   Section        0  network.o(.data..compoundliteral.39)
    .compoundliteral.40                      0x200001e0   Data          16  network.o(.data..compoundliteral.40)
    [Anonymous Symbol]                       0x200001e0   Section        0  network.o(.data..compoundliteral.40)
    .compoundliteral.42                      0x200001f0   Data           4  network.o(.data..compoundliteral.42)
    [Anonymous Symbol]                       0x200001f0   Section        0  network.o(.data..compoundliteral.42)
    .compoundliteral.43                      0x200001f4   Data           4  network.o(.data..compoundliteral.43)
    [Anonymous Symbol]                       0x200001f4   Section        0  network.o(.data..compoundliteral.43)
    .compoundliteral.46                      0x200001f8   Data          48  network.o(.data..compoundliteral.46)
    [Anonymous Symbol]                       0x200001f8   Section        0  network.o(.data..compoundliteral.46)
    .compoundliteral.47                      0x20000228   Data          16  network.o(.data..compoundliteral.47)
    [Anonymous Symbol]                       0x20000228   Section        0  network.o(.data..compoundliteral.47)
    .compoundliteral.48                      0x20000238   Data          16  network.o(.data..compoundliteral.48)
    [Anonymous Symbol]                       0x20000238   Section        0  network.o(.data..compoundliteral.48)
    .compoundliteral.5                       0x20000248   Data          28  network.o(.data..compoundliteral.5)
    [Anonymous Symbol]                       0x20000248   Section        0  network.o(.data..compoundliteral.5)
    .compoundliteral.50                      0x20000264   Data          12  network.o(.data..compoundliteral.50)
    [Anonymous Symbol]                       0x20000264   Section        0  network.o(.data..compoundliteral.50)
    .compoundliteral.51                      0x20000270   Data           4  network.o(.data..compoundliteral.51)
    [Anonymous Symbol]                       0x20000270   Section        0  network.o(.data..compoundliteral.51)
    .compoundliteral.54                      0x20000274   Data          48  network.o(.data..compoundliteral.54)
    [Anonymous Symbol]                       0x20000274   Section        0  network.o(.data..compoundliteral.54)
    .compoundliteral.55                      0x200002a4   Data          16  network.o(.data..compoundliteral.55)
    [Anonymous Symbol]                       0x200002a4   Section        0  network.o(.data..compoundliteral.55)
    .compoundliteral.56                      0x200002b4   Data          16  network.o(.data..compoundliteral.56)
    [Anonymous Symbol]                       0x200002b4   Section        0  network.o(.data..compoundliteral.56)
    .compoundliteral.58                      0x200002c4   Data          16  network.o(.data..compoundliteral.58)
    [Anonymous Symbol]                       0x200002c4   Section        0  network.o(.data..compoundliteral.58)
    .compoundliteral.59                      0x200002d4   Data          16  network.o(.data..compoundliteral.59)
    [Anonymous Symbol]                       0x200002d4   Section        0  network.o(.data..compoundliteral.59)
    .compoundliteral.6                       0x200002e4   Data          16  network.o(.data..compoundliteral.6)
    [Anonymous Symbol]                       0x200002e4   Section        0  network.o(.data..compoundliteral.6)
    .compoundliteral.61                      0x200002f4   Data          16  network.o(.data..compoundliteral.61)
    [Anonymous Symbol]                       0x200002f4   Section        0  network.o(.data..compoundliteral.61)
    .compoundliteral.62                      0x20000304   Data          16  network.o(.data..compoundliteral.62)
    [Anonymous Symbol]                       0x20000304   Section        0  network.o(.data..compoundliteral.62)
    .compoundliteral.64                      0x20000314   Data           4  network.o(.data..compoundliteral.64)
    [Anonymous Symbol]                       0x20000314   Section        0  network.o(.data..compoundliteral.64)
    .compoundliteral.65                      0x20000318   Data           4  network.o(.data..compoundliteral.65)
    [Anonymous Symbol]                       0x20000318   Section        0  network.o(.data..compoundliteral.65)
    .compoundliteral.66                      0x2000031c   Data          12  network.o(.data..compoundliteral.66)
    [Anonymous Symbol]                       0x2000031c   Section        0  network.o(.data..compoundliteral.66)
    .compoundliteral.68                      0x20000328   Data          48  network.o(.data..compoundliteral.68)
    [Anonymous Symbol]                       0x20000328   Section        0  network.o(.data..compoundliteral.68)
    .compoundliteral.69                      0x20000358   Data          16  network.o(.data..compoundliteral.69)
    [Anonymous Symbol]                       0x20000358   Section        0  network.o(.data..compoundliteral.69)
    .compoundliteral.7                       0x20000368   Data          28  network.o(.data..compoundliteral.7)
    [Anonymous Symbol]                       0x20000368   Section        0  network.o(.data..compoundliteral.7)
    .compoundliteral.70                      0x20000384   Data          16  network.o(.data..compoundliteral.70)
    [Anonymous Symbol]                       0x20000384   Section        0  network.o(.data..compoundliteral.70)
    .compoundliteral.72                      0x20000394   Data          16  network.o(.data..compoundliteral.72)
    [Anonymous Symbol]                       0x20000394   Section        0  network.o(.data..compoundliteral.72)
    .compoundliteral.73                      0x200003a4   Data          16  network.o(.data..compoundliteral.73)
    [Anonymous Symbol]                       0x200003a4   Section        0  network.o(.data..compoundliteral.73)
    .compoundliteral.75                      0x200003b4   Data          16  network.o(.data..compoundliteral.75)
    [Anonymous Symbol]                       0x200003b4   Section        0  network.o(.data..compoundliteral.75)
    .compoundliteral.76                      0x200003c4   Data          16  network.o(.data..compoundliteral.76)
    [Anonymous Symbol]                       0x200003c4   Section        0  network.o(.data..compoundliteral.76)
    .compoundliteral.8                       0x200003d4   Data           4  network.o(.data..compoundliteral.8)
    [Anonymous Symbol]                       0x200003d4   Section        0  network.o(.data..compoundliteral.8)
    fcn_1_bias                               0x200003dc   Data          28  network.o(.data.fcn_1_bias)
    [Anonymous Symbol]                       0x200003dc   Section        0  network.o(.data.fcn_1_bias)
    fcn_1_weight                             0x200003f8   Data          28  network.o(.data.fcn_1_weight)
    [Anonymous Symbol]                       0x200003f8   Section        0  network.o(.data.fcn_1_weight)
    fcn_4_bias                               0x20000414   Data          28  network.o(.data.fcn_4_bias)
    [Anonymous Symbol]                       0x20000414   Section        0  network.o(.data.fcn_4_bias)
    fcn_4_weight                             0x20000430   Data          28  network.o(.data.fcn_4_weight)
    [Anonymous Symbol]                       0x20000430   Section        0  network.o(.data.fcn_4_weight)
    g_network                                0x2000044c   Data          72  network.o(.data.g_network)
    [Anonymous Symbol]                       0x2000044c   Section        0  network.o(.data.g_network)
    input_12_layer                           0x200004cc   Data          32  network.o(.data.input_12_layer)
    [Anonymous Symbol]                       0x200004cc   Section        0  network.o(.data.input_12_layer)
    input_12_output                          0x200004ec   Data          28  network.o(.data.input_12_output)
    [Anonymous Symbol]                       0x200004ec   Section        0  network.o(.data.input_12_output)
    input_1_output                           0x20000508   Data          28  network.o(.data.input_1_output)
    [Anonymous Symbol]                       0x20000508   Section        0  network.o(.data.input_1_output)
    input_1_output_array                     0x20000524   Data          16  network.o(.data.input_1_output_array)
    [Anonymous Symbol]                       0x20000524   Section        0  network.o(.data.input_1_output_array)
    input_8_layer                            0x20000534   Data          40  network.o(.data.input_8_layer)
    [Anonymous Symbol]                       0x20000534   Section        0  network.o(.data.input_8_layer)
    input_8_output                           0x2000055c   Data          28  network.o(.data.input_8_output)
    [Anonymous Symbol]                       0x2000055c   Section        0  network.o(.data.input_8_output)
    input_bias                               0x20000578   Data          28  network.o(.data.input_bias)
    [Anonymous Symbol]                       0x20000578   Section        0  network.o(.data.input_bias)
    input_layer                              0x20000594   Data          64  network.o(.data.input_layer)
    [Anonymous Symbol]                       0x20000594   Section        0  network.o(.data.input_layer)
    input_output                             0x200005d4   Data          28  network.o(.data.input_output)
    [Anonymous Symbol]                       0x200005d4   Section        0  network.o(.data.input_output)
    input_output0                            0x200005f0   Data          28  network.o(.data.input_output0)
    [Anonymous Symbol]                       0x200005f0   Section        0  network.o(.data.input_output0)
    input_weights                            0x2000060c   Data          28  network.o(.data.input_weights)
    [Anonymous Symbol]                       0x2000060c   Section        0  network.o(.data.input_weights)
    node_12_layer                            0x20000628   Data          40  network.o(.data.node_12_layer)
    [Anonymous Symbol]                       0x20000628   Section        0  network.o(.data.node_12_layer)
    node_12_output                           0x20000650   Data          28  network.o(.data.node_12_output)
    [Anonymous Symbol]                       0x20000650   Section        0  network.o(.data.node_12_output)
    node_12_output_array                     0x2000066c   Data          16  network.o(.data.node_12_output_array)
    [Anonymous Symbol]                       0x2000066c   Section        0  network.o(.data.node_12_output_array)
    .L_MergedGlobals                         0x20000680   Data          20  app_x-cube-ai.o(.bss..L_MergedGlobals)
    network                                  0x20000680   Data           4  app_x-cube-ai.o(.bss..L_MergedGlobals)
    [Anonymous Symbol]                       0x20000680   Section        0  app_x-cube-ai.o(.bss..L_MergedGlobals)
    ai_input                                 0x20000684   Data           4  app_x-cube-ai.o(.bss..L_MergedGlobals)
    ai_output                                0x20000688   Data           4  app_x-cube-ai.o(.bss..L_MergedGlobals)
    MX_X_CUBE_AI_Process.out_data            0x2000068c   Data           8  app_x-cube-ai.o(.bss..L_MergedGlobals)
    .compoundliteral.10                      0x20000694   Data          28  network.o(.bss..compoundliteral.10)
    [Anonymous Symbol]                       0x20000694   Section        0  network.o(.bss..compoundliteral.10)
    .compoundliteral.11                      0x200006b0   Data           8  network.o(.bss..compoundliteral.11)
    [Anonymous Symbol]                       0x200006b0   Section        0  network.o(.bss..compoundliteral.11)
    .compoundliteral.14                      0x200006b8   Data          16  network.o(.bss..compoundliteral.14)
    [Anonymous Symbol]                       0x200006b8   Section        0  network.o(.bss..compoundliteral.14)
    .compoundliteral.15                      0x200006c8   Data          28  network.o(.bss..compoundliteral.15)
    [Anonymous Symbol]                       0x200006c8   Section        0  network.o(.bss..compoundliteral.15)
    .compoundliteral.16                      0x200006e4   Data           8  network.o(.bss..compoundliteral.16)
    [Anonymous Symbol]                       0x200006e4   Section        0  network.o(.bss..compoundliteral.16)
    .compoundliteral.26                      0x200006ec   Data          16  network.o(.bss..compoundliteral.26)
    [Anonymous Symbol]                       0x200006ec   Section        0  network.o(.bss..compoundliteral.26)
    .compoundliteral.30                      0x200006fc   Data           4  network.o(.bss..compoundliteral.30)
    [Anonymous Symbol]                       0x200006fc   Section        0  network.o(.bss..compoundliteral.30)
    .compoundliteral.31                      0x20000700   Data           4  network.o(.bss..compoundliteral.31)
    [Anonymous Symbol]                       0x20000700   Section        0  network.o(.bss..compoundliteral.31)
    .compoundliteral.44                      0x20000704   Data           4  network.o(.bss..compoundliteral.44)
    [Anonymous Symbol]                       0x20000704   Section        0  network.o(.bss..compoundliteral.44)
    .compoundliteral.45                      0x20000708   Data           4  network.o(.bss..compoundliteral.45)
    [Anonymous Symbol]                       0x20000708   Section        0  network.o(.bss..compoundliteral.45)
    .compoundliteral.52                      0x2000070c   Data           4  network.o(.bss..compoundliteral.52)
    [Anonymous Symbol]                       0x2000070c   Section        0  network.o(.bss..compoundliteral.52)
    .compoundliteral.53                      0x20000710   Data           4  network.o(.bss..compoundliteral.53)
    [Anonymous Symbol]                       0x20000710   Section        0  network.o(.bss..compoundliteral.53)
    .compoundliteral.67                      0x20000714   Data           4  network.o(.bss..compoundliteral.67)
    [Anonymous Symbol]                       0x20000714   Section        0  network.o(.bss..compoundliteral.67)
    .compoundliteral.9                       0x20000718   Data          16  network.o(.bss..compoundliteral.9)
    [Anonymous Symbol]                       0x20000718   Section        0  network.o(.bss..compoundliteral.9)
    activations                              0x20000740   Data         840  app_x-cube-ai.o(.bss.activations)
    [Anonymous Symbol]                       0x20000740   Section        0  app_x-cube-ai.o(.bss.activations)
    HEAP                                     0x20001ec8   Section     2048  startup_stm32l432xx.o(HEAP)
    STACK                                    0x200026c8   Section     2048  startup_stm32l432xx.o(STACK)

    Global Symbols

    Symbol Name                              Value     Ov Type        Size  Object(Section)

    BuildAttributes$$THM_ISAv4$E$P$D$K$B$S$7EM$VFPi3$EXTD16$VFPS$VFMA$PE$A:L22UL41UL21$X:L11$S22US41US21$IEEE1$IW$~IW$USESV6$~STKCKD$USESV7$~SHL$OTIME$ROPI$IEEEX$EBA8$MICROLIB$REQ8$PRES8$EABIv2 0x00000000   Number         0  anon$$obj.o ABSOLUTE
    _printf_a                                0x00000000   Number         0  printfstubs.o ABSOLUTE
    _printf_c                                0x00000000   Number         0  printfstubs.o ABSOLUTE
    _printf_charcount                        0x00000000   Number         0  printfstubs.o ABSOLUTE
    _printf_d                                0x00000000   Number         0  printfstubs.o ABSOLUTE
    _printf_e                                0x00000000   Number         0  printfstubs.o ABSOLUTE
    _printf_f                                0x00000000   Number         0  printfstubs.o ABSOLUTE
    _printf_flags                            0x00000000   Number         0  printfstubs.o ABSOLUTE
    _printf_fp_dec                           0x00000000   Number         0  printfstubs.o ABSOLUTE
    _printf_fp_hex                           0x00000000   Number         0  printfstubs.o ABSOLUTE
    _printf_g                                0x00000000   Number         0  printfstubs.o ABSOLUTE
    _printf_i                                0x00000000   Number         0  printfstubs.o ABSOLUTE
    _printf_int_dec                          0x00000000   Number         0  printfstubs.o ABSOLUTE
    _printf_l                                0x00000000   Number         0  printfstubs.o ABSOLUTE
    _printf_lc                               0x00000000   Number         0  printfstubs.o ABSOLUTE
    _printf_ll                               0x00000000   Number         0  printfstubs.o ABSOLUTE
    _printf_lld                              0x00000000   Number         0  printfstubs.o ABSOLUTE
    _printf_lli                              0x00000000   Number         0  printfstubs.o ABSOLUTE
    _printf_llo                              0x00000000   Number         0  printfstubs.o ABSOLUTE
    _printf_llu                              0x00000000   Number         0  printfstubs.o ABSOLUTE
    _printf_llx                              0x00000000   Number         0  printfstubs.o ABSOLUTE
    _printf_longlong_dec                     0x00000000   Number         0  printfstubs.o ABSOLUTE
    _printf_longlong_hex                     0x00000000   Number         0  printfstubs.o ABSOLUTE
    _printf_longlong_oct                     0x00000000   Number         0  printfstubs.o ABSOLUTE
    _printf_ls                               0x00000000   Number         0  printfstubs.o ABSOLUTE
    _printf_mbtowc                           0x00000000   Number         0  printfstubs.o ABSOLUTE
    _printf_n                                0x00000000   Number         0  printfstubs.o ABSOLUTE
    _printf_o                                0x00000000   Number         0  printfstubs.o ABSOLUTE
    _printf_p                                0x00000000   Number         0  printfstubs.o ABSOLUTE
    _printf_percent                          0x00000000   Number         0  printfstubs.o ABSOLUTE
    _printf_pre_padding                      0x00000000   Number         0  printfstubs.o ABSOLUTE
    _printf_return_value                     0x00000000   Number         0  printfstubs.o ABSOLUTE
    _printf_s                                0x00000000   Number         0  printfstubs.o ABSOLUTE
    _printf_sizespec                         0x00000000   Number         0  printfstubs.o ABSOLUTE
    _printf_str                              0x00000000   Number         0  printfstubs.o ABSOLUTE
    _printf_truncate_signed                  0x00000000   Number         0  printfstubs.o ABSOLUTE
    _printf_truncate_unsigned                0x00000000   Number         0  printfstubs.o ABSOLUTE
    _printf_u                                0x00000000   Number         0  printfstubs.o ABSOLUTE
    _printf_wc                               0x00000000   Number         0  printfstubs.o ABSOLUTE
    _printf_wctomb                           0x00000000   Number         0  printfstubs.o ABSOLUTE
    _printf_widthprec                        0x00000000   Number         0  printfstubs.o ABSOLUTE
    _printf_x                                0x00000000   Number         0  printfstubs.o ABSOLUTE
    __cpp_initialize__aeabi_                  - Undefined Weak Reference
    __cxa_finalize                            - Undefined Weak Reference
    _clock_init                               - Undefined Weak Reference
    _microlib_exit                            - Undefined Weak Reference
    _scanf_longlong                           - Undefined Weak Reference
    _scanf_string                             - Undefined Weak Reference
    __Vectors_Size                           0x0000018c   Number         0  startup_stm32l432xx.o ABSOLUTE
    __Vectors                                0x08000000   Data           4  startup_stm32l432xx.o(RESET)
    __Vectors_End                            0x0800018c   Data           0  startup_stm32l432xx.o(RESET)
    __main                                   0x0800018d   Thumb Code     0  entry.o(.ARM.Collect$$$$00000000)
    _main_stk                                0x0800018d   Thumb Code     0  entry2.o(.ARM.Collect$$$$00000001)
    _main_scatterload                        0x08000191   Thumb Code     0  entry5.o(.ARM.Collect$$$$00000004)
    __main_after_scatterload                 0x08000195   Thumb Code     0  entry5.o(.ARM.Collect$$$$00000004)
    _main_clock                              0x08000195   Thumb Code     0  entry7b.o(.ARM.Collect$$$$00000008)
    _main_cpp_init                           0x08000195   Thumb Code     0  entry8b.o(.ARM.Collect$$$$0000000A)
    _main_init                               0x08000195   Thumb Code     0  entry9a.o(.ARM.Collect$$$$0000000B)
    __rt_final_cpp                           0x0800019d   Thumb Code     0  entry10a.o(.ARM.Collect$$$$0000000D)
    __rt_final_exit                          0x0800019d   Thumb Code     0  entry11a.o(.ARM.Collect$$$$0000000F)
    Reset_Handler                            0x080001a1   Thumb Code     8  startup_stm32l432xx.o(.text)
    ADC1_IRQHandler                          0x080001bb   Thumb Code     0  startup_stm32l432xx.o(.text)
    CAN1_RX0_IRQHandler                      0x080001bb   Thumb Code     0  startup_stm32l432xx.o(.text)
    CAN1_RX1_IRQHandler                      0x080001bb   Thumb Code     0  startup_stm32l432xx.o(.text)
    CAN1_SCE_IRQHandler                      0x080001bb   Thumb Code     0  startup_stm32l432xx.o(.text)
    CAN1_TX_IRQHandler                       0x080001bb   Thumb Code     0  startup_stm32l432xx.o(.text)
    COMP_IRQHandler                          0x080001bb   Thumb Code     0  startup_stm32l432xx.o(.text)
    CRS_IRQHandler                           0x080001bb   Thumb Code     0  startup_stm32l432xx.o(.text)
    DMA1_Channel1_IRQHandler                 0x080001bb   Thumb Code     0  startup_stm32l432xx.o(.text)
    DMA1_Channel2_IRQHandler                 0x080001bb   Thumb Code     0  startup_stm32l432xx.o(.text)
    DMA1_Channel3_IRQHandler                 0x080001bb   Thumb Code     0  startup_stm32l432xx.o(.text)
    DMA1_Channel4_IRQHandler                 0x080001bb   Thumb Code     0  startup_stm32l432xx.o(.text)
    DMA1_Channel5_IRQHandler                 0x080001bb   Thumb Code     0  startup_stm32l432xx.o(.text)
    DMA1_Channel6_IRQHandler                 0x080001bb   Thumb Code     0  startup_stm32l432xx.o(.text)
    DMA1_Channel7_IRQHandler                 0x080001bb   Thumb Code     0  startup_stm32l432xx.o(.text)
    DMA2_Channel1_IRQHandler                 0x080001bb   Thumb Code     0  startup_stm32l432xx.o(.text)
    DMA2_Channel2_IRQHandler                 0x080001bb   Thumb Code     0  startup_stm32l432xx.o(.text)
    DMA2_Channel3_IRQHandler                 0x080001bb   Thumb Code     0  startup_stm32l432xx.o(.text)
    DMA2_Channel4_IRQHandler                 0x080001bb   Thumb Code     0  startup_stm32l432xx.o(.text)
    DMA2_Channel5_IRQHandler                 0x080001bb   Thumb Code     0  startup_stm32l432xx.o(.text)
    DMA2_Channel6_IRQHandler                 0x080001bb   Thumb Code     0  startup_stm32l432xx.o(.text)
    DMA2_Channel7_IRQHandler                 0x080001bb   Thumb Code     0  startup_stm32l432xx.o(.text)
    EXTI0_IRQHandler                         0x080001bb   Thumb Code     0  startup_stm32l432xx.o(.text)
    EXTI15_10_IRQHandler                     0x080001bb   Thumb Code     0  startup_stm32l432xx.o(.text)
    EXTI1_IRQHandler                         0x080001bb   Thumb Code     0  startup_stm32l432xx.o(.text)
    EXTI2_IRQHandler                         0x080001bb   Thumb Code     0  startup_stm32l432xx.o(.text)
    EXTI3_IRQHandler                         0x080001bb   Thumb Code     0  startup_stm32l432xx.o(.text)
    EXTI4_IRQHandler                         0x080001bb   Thumb Code     0  startup_stm32l432xx.o(.text)
    EXTI9_5_IRQHandler                       0x080001bb   Thumb Code     0  startup_stm32l432xx.o(.text)
    FLASH_IRQHandler                         0x080001bb   Thumb Code     0  startup_stm32l432xx.o(.text)
    FPU_IRQHandler                           0x080001bb   Thumb Code     0  startup_stm32l432xx.o(.text)
    I2C1_ER_IRQHandler                       0x080001bb   Thumb Code     0  startup_stm32l432xx.o(.text)
    I2C1_EV_IRQHandler                       0x080001bb   Thumb Code     0  startup_stm32l432xx.o(.text)
    I2C3_ER_IRQHandler                       0x080001bb   Thumb Code     0  startup_stm32l432xx.o(.text)
    I2C3_EV_IRQHandler                       0x080001bb   Thumb Code     0  startup_stm32l432xx.o(.text)
    LPTIM1_IRQHandler                        0x080001bb   Thumb Code     0  startup_stm32l432xx.o(.text)
    LPTIM2_IRQHandler                        0x080001bb   Thumb Code     0  startup_stm32l432xx.o(.text)
    LPUART1_IRQHandler                       0x080001bb   Thumb Code     0  startup_stm32l432xx.o(.text)
    PVD_PVM_IRQHandler                       0x080001bb   Thumb Code     0  startup_stm32l432xx.o(.text)
    QUADSPI_IRQHandler                       0x080001bb   Thumb Code     0  startup_stm32l432xx.o(.text)
    RCC_IRQHandler                           0x080001bb   Thumb Code     0  startup_stm32l432xx.o(.text)
    RNG_IRQHandler                           0x080001bb   Thumb Code     0  startup_stm32l432xx.o(.text)
    RTC_Alarm_IRQHandler                     0x080001bb   Thumb Code     0  startup_stm32l432xx.o(.text)
    RTC_WKUP_IRQHandler                      0x080001bb   Thumb Code     0  startup_stm32l432xx.o(.text)
    SAI1_IRQHandler                          0x080001bb   Thumb Code     0  startup_stm32l432xx.o(.text)
    SPI1_IRQHandler                          0x080001bb   Thumb Code     0  startup_stm32l432xx.o(.text)
    SPI3_IRQHandler                          0x080001bb   Thumb Code     0  startup_stm32l432xx.o(.text)
    SWPMI1_IRQHandler                        0x080001bb   Thumb Code     0  startup_stm32l432xx.o(.text)
    TAMP_STAMP_IRQHandler                    0x080001bb   Thumb Code     0  startup_stm32l432xx.o(.text)
    TIM1_BRK_TIM15_IRQHandler                0x080001bb   Thumb Code     0  startup_stm32l432xx.o(.text)
    TIM1_CC_IRQHandler                       0x080001bb   Thumb Code     0  startup_stm32l432xx.o(.text)
    TIM1_TRG_COM_IRQHandler                  0x080001bb   Thumb Code     0  startup_stm32l432xx.o(.text)
    TIM1_UP_TIM16_IRQHandler                 0x080001bb   Thumb Code     0  startup_stm32l432xx.o(.text)
    TIM6_DAC_IRQHandler                      0x080001bb   Thumb Code     0  startup_stm32l432xx.o(.text)
    TIM7_IRQHandler                          0x080001bb   Thumb Code     0  startup_stm32l432xx.o(.text)
    TSC_IRQHandler                           0x080001bb   Thumb Code     0  startup_stm32l432xx.o(.text)
    USART1_IRQHandler                        0x080001bb   Thumb Code     0  startup_stm32l432xx.o(.text)
    USART2_IRQHandler                        0x080001bb   Thumb Code     0  startup_stm32l432xx.o(.text)
    USB_IRQHandler                           0x080001bb   Thumb Code     0  startup_stm32l432xx.o(.text)
    WWDG_IRQHandler                          0x080001bb   Thumb Code     0  startup_stm32l432xx.o(.text)
    __aeabi_uldivmod                         0x080001c5   Thumb Code    98  uldiv.o(.text)
    __aeabi_memcpy                           0x0800022d   Thumb Code    36  memcpya.o(.text)
    __aeabi_memcpy4                          0x0800022d   Thumb Code     0  memcpya.o(.text)
    __aeabi_memcpy8                          0x0800022d   Thumb Code     0  memcpya.o(.text)
    __aeabi_memset                           0x08000251   Thumb Code    14  memseta.o(.text)
    __aeabi_memset4                          0x08000251   Thumb Code     0  memseta.o(.text)
    __aeabi_memset8                          0x08000251   Thumb Code     0  memseta.o(.text)
    __aeabi_memclr                           0x0800025f   Thumb Code     4  memseta.o(.text)
    __aeabi_memclr4                          0x0800025f   Thumb Code     0  memseta.o(.text)
    __aeabi_memclr8                          0x0800025f   Thumb Code     0  memseta.o(.text)
    _memset$wrapper                          0x08000263   Thumb Code    18  memseta.o(.text)
    memcmp                                   0x08000275   Thumb Code    26  memcmp.o(.text)
    __0scanf                                 0x08000291   Thumb Code    26  __0scanf.o(.text)
    _scanf_int                               0x080002b1   Thumb Code   332  _scanf_int.o(.text)
    _scanf_real                              0x0800052d   Thumb Code     0  scanf_fp.o(.text)
    _scanf_really_real                       0x0800052d   Thumb Code   556  scanf_fp.o(.text)
    __aeabi_dadd                             0x0800076b   Thumb Code   322  dadd.o(.text)
    __aeabi_dsub                             0x080008ad   Thumb Code     6  dadd.o(.text)
    __aeabi_drsub                            0x080008b3   Thumb Code     6  dadd.o(.text)
    __aeabi_ddiv                             0x080008c9   Thumb Code   222  ddiv.o(.text)
    __aeabi_ui2d                             0x080009a7   Thumb Code    26  dfltui.o(.text)
    __aeabi_uidiv                            0x080009c1   Thumb Code     0  uidiv.o(.text)
    __aeabi_uidivmod                         0x080009c1   Thumb Code    44  uidiv.o(.text)
    __aeabi_llsl                             0x080009ed   Thumb Code    30  llshl.o(.text)
    _ll_shift_l                              0x080009ed   Thumb Code     0  llshl.o(.text)
    __aeabi_llsr                             0x08000a0b   Thumb Code    32  llushr.o(.text)
    _ll_ushift_r                             0x08000a0b   Thumb Code     0  llushr.o(.text)
    __aeabi_lasr                             0x08000a2b   Thumb Code    36  llsshr.o(.text)
    _ll_sshift_r                             0x08000a2b   Thumb Code     0  llsshr.o(.text)
    _chval                                   0x08000a4f   Thumb Code    28  _chval.o(.text)
    __vfscanf_char_file                      0x08000a6d   Thumb Code    12  scanf_char_file.o(.text)
    __I$use$fp                               0x08000a81   Thumb Code     0  iusefp.o(.text)
    _double_round                            0x08000a81   Thumb Code    30  depilogue.o(.text)
    _double_epilogue                         0x08000a9f   Thumb Code   156  depilogue.o(.text)
    __aeabi_dmul                             0x08000b3b   Thumb Code   228  dmul.o(.text)
    __aeabi_ul2d                             0x08000c25   Thumb Code    24  dfltul.o(.text)
    __aeabi_d2ulz                            0x08000c3d   Thumb Code    48  dfixul.o(.text)
    __aeabi_cdrcmple                         0x08000c6d   Thumb Code    48  cdrcmple.o(.text)
    __aeabi_d2f                              0x08000c9d   Thumb Code    56  d2f.o(.text)
    __scatterload                            0x08000cd5   Thumb Code    28  init.o(.text)
    __scatterload_rt2                        0x08000cd5   Thumb Code     0  init.o(.text)
    _fgetc$bs                                0x08000cf9   Thumb Code    28  fgetc_b.o(.text)
    __backspace                              0x08000d15   Thumb Code    10  fgetc_b.o(.text)
    __vfscanf_char                           0x08000d31   Thumb Code    20  scanf_char.o(.text)
    _float_round                             0x08000d4d   Thumb Code    18  fepilogue.o(.text)
    _float_epilogue                          0x08000d5f   Thumb Code    92  fepilogue.o(.text)
    __semihosting_library_function           0x08000dbb   Thumb Code     0  semi.o(.text)
    isspace                                  0x08000dbb   Thumb Code    10  isspace_c.o(.text)
    __vfscanf                                0x08000dc5   Thumb Code   808  _scanf.o(.text)
    __I$use$semihosting$fgetc                0x080010f7   Thumb Code     0  iusesemig.o(.text)
    __ctype_lookup                           0x080010f9   Thumb Code    34  ctype_c.o(.text)
    __decompress                             0x08001121   Thumb Code     0  __dczerorl2.o(.text)
    __decompress1                            0x08001121   Thumb Code    86  __dczerorl2.o(.text)
    BusFault_Handler                         0x08001179   Thumb Code     2  stm32l4xx_it.o(.text.BusFault_Handler)
    DebugMon_Handler                         0x0800117d   Thumb Code     2  stm32l4xx_it.o(.text.DebugMon_Handler)
    Error_Handler                            0x08001181   Thumb Code    10  main.o(.text.Error_Handler)
    HAL_CRCEx_Polynomial_Set                 0x0800118d   Thumb Code   140  stm32l4xx_hal_crc_ex.o(.text.HAL_CRCEx_Polynomial_Set)
    HAL_CRC_Init                             0x08001219   Thumb Code   120  stm32l4xx_hal_crc.o(.text.HAL_CRC_Init)
    HAL_CRC_MspInit                          0x08001291   Thumb Code    50  crc.o(.text.HAL_CRC_MspInit)
    HAL_Delay                                0x080012c5   Thumb Code    40  stm32l4xx_hal.o(.text.HAL_Delay)
    HAL_GPIO_Init                            0x080012ed   Thumb Code   494  stm32l4xx_hal_gpio.o(.text.HAL_GPIO_Init)
    HAL_GPIO_WritePin                        0x080014e1   Thumb Code    12  stm32l4xx_hal_gpio.o(.text.HAL_GPIO_WritePin)
    HAL_GetTick                              0x080014ed   Thumb Code    12  stm32l4xx_hal.o(.text.HAL_GetTick)
    HAL_IncTick                              0x080014f9   Thumb Code    26  stm32l4xx_hal.o(.text.HAL_IncTick)
    HAL_Init                                 0x08001515   Thumb Code    30  stm32l4xx_hal.o(.text.HAL_Init)
    HAL_InitTick                             0x08001535   Thumb Code    76  stm32l4xx_hal.o(.text.HAL_InitTick)
    HAL_MspInit                              0x08001581   Thumb Code    50  stm32l4xx_hal_msp.o(.text.HAL_MspInit)
    HAL_NVIC_SetPriority                     0x080015b5   Thumb Code    86  stm32l4xx_hal_cortex.o(.text.HAL_NVIC_SetPriority)
    HAL_NVIC_SetPriorityGrouping             0x0800160d   Thumb Code    32  stm32l4xx_hal_cortex.o(.text.HAL_NVIC_SetPriorityGrouping)
    HAL_PWREx_ControlVoltageScaling          0x0800162d   Thumb Code   140  stm32l4xx_hal_pwr_ex.o(.text.HAL_PWREx_ControlVoltageScaling)
    HAL_PWREx_GetVoltageRange                0x080016b9   Thumb Code    16  stm32l4xx_hal_pwr_ex.o(.text.HAL_PWREx_GetVoltageRange)
    HAL_RCCEx_PeriphCLKConfig                0x080016c9   Thumb Code   648  stm32l4xx_hal_rcc_ex.o(.text.HAL_RCCEx_PeriphCLKConfig)
    HAL_RCC_ClockConfig                      0x08001951   Thumb Code   634  stm32l4xx_hal_rcc.o(.text.HAL_RCC_ClockConfig)
    HAL_RCC_GetPCLK1Freq                     0x08001bcd   Thumb Code    42  stm32l4xx_hal_rcc.o(.text.HAL_RCC_GetPCLK1Freq)
    HAL_RCC_GetPCLK2Freq                     0x08001bf9   Thumb Code    42  stm32l4xx_hal_rcc.o(.text.HAL_RCC_GetPCLK2Freq)
    HAL_RCC_GetSysClockFreq                  0x08001c25   Thumb Code   194  stm32l4xx_hal_rcc.o(.text.HAL_RCC_GetSysClockFreq)
    HAL_RCC_OscConfig                        0x08001ce9   Thumb Code  2000  stm32l4xx_hal_rcc.o(.text.HAL_RCC_OscConfig)
    HAL_SYSTICK_Config                       0x080024b9   Thumb Code    44  stm32l4xx_hal_cortex.o(.text.HAL_SYSTICK_Config)
    HAL_UART_Init                            0x080024e5   Thumb Code   194  stm32l4xx_hal_uart.o(.text.HAL_UART_Init)
    HAL_UART_MspInit                         0x080025a9   Thumb Code   124  usart.o(.text.HAL_UART_MspInit)
    HAL_UART_Receive                         0x08002625   Thumb Code   252  stm32l4xx_hal_uart.o(.text.HAL_UART_Receive)
    HAL_UART_Transmit                        0x08002721   Thumb Code   216  stm32l4xx_hal_uart.o(.text.HAL_UART_Transmit)
    HardFault_Handler                        0x080027f9   Thumb Code     2  stm32l4xx_it.o(.text.HardFault_Handler)
    LL_TIM_Init                              0x080027fd   Thumb Code   138  stm32l4xx_ll_tim.o(.text.LL_TIM_Init)
    MX_CRC_Init                              0x08002889   Thumb Code    50  crc.o(.text.MX_CRC_Init)
    MX_GPIO_Init                             0x080028bd   Thumb Code   112  gpio.o(.text.MX_GPIO_Init)
    MX_TIM2_Init                             0x0800292d   Thumb Code   152  tim.o(.text.MX_TIM2_Init)
    MX_USART2_UART_Init                      0x080029c5   Thumb Code    64  usart.o(.text.MX_USART2_UART_Init)
    MX_X_CUBE_AI_Init                        0x08002a05   Thumb Code    66  app_x-cube-ai.o(.text.MX_X_CUBE_AI_Init)
    MemManage_Handler                        0x08002a49   Thumb Code     2  stm32l4xx_it.o(.text.MemManage_Handler)
    NMI_Handler                              0x08002a4d   Thumb Code     2  stm32l4xx_it.o(.text.NMI_Handler)
    PendSV_Handler                           0x08002a51   Thumb Code     2  stm32l4xx_it.o(.text.PendSV_Handler)
    SVC_Handler                              0x08002bc1   Thumb Code     2  stm32l4xx_it.o(.text.SVC_Handler)
    SysTick_Handler                          0x08002bc5   Thumb Code     4  stm32l4xx_it.o(.text.SysTick_Handler)
    SystemClock_Config                       0x08002bc9   Thumb Code   164  main.o(.text.SystemClock_Config)
    SystemInit                               0x08002c6d   Thumb Code    18  system_stm32l4xx.o(.text.SystemInit)
    TIM2_IRQHandler                          0x08002c81   Thumb Code     2  stm32l4xx_it.o(.text.TIM2_IRQHandler)
    UART_AdvFeatureConfig                    0x08002c85   Thumb Code   232  stm32l4xx_hal_uart.o(.text.UART_AdvFeatureConfig)
    UART_SetConfig                           0x08002d6d   Thumb Code   520  stm32l4xx_hal_uart.o(.text.UART_SetConfig)
    UART_WaitOnFlagUntilTimeout              0x08002f85   Thumb Code   526  stm32l4xx_hal_uart.o(.text.UART_WaitOnFlagUntilTimeout)
    UsageFault_Handler                       0x08003195   Thumb Code     2  stm32l4xx_it.o(.text.UsageFault_Handler)
    aiRun                                    0x08003199   Thumb Code    44  app_x-cube-ai.o(.text.aiRun)
    ai_network_create_and_init               0x080031c5   Thumb Code   170  network.o(.text.ai_network_create_and_init)
    ai_network_data_params_get               0x08003271   Thumb Code    56  network_data.o(.text.ai_network_data_params_get)
    ai_network_get_error                     0x080032a9   Thumb Code     4  network.o(.text.ai_network_get_error)
    ai_network_init                          0x080032ad   Thumb Code   232  network.o(.text.ai_network_init)
    ai_network_inputs_get                    0x08003395   Thumb Code    30  network.o(.text.ai_network_inputs_get)
    ai_network_outputs_get                   0x080033b5   Thumb Code    30  network.o(.text.ai_network_outputs_get)
    ai_network_run                           0x080033d5   Thumb Code     4  network.o(.text.ai_network_run)
    fgetc                                    0x080033d9   Thumb Code    34  usart.o(.text.fgetc)
    fputc                                    0x080033fd   Thumb Code    32  usart.o(.text.fputc)
    main                                     0x08003421   Thumb Code   352  main.o(.text.main)
    __0printf                                0x08003619   Thumb Code    22  printfa.o(i.__0printf)
    __1printf                                0x08003619   Thumb Code     0  printfa.o(i.__0printf)
    __2printf                                0x08003619   Thumb Code     0  printfa.o(i.__0printf)
    __c89printf                              0x08003619   Thumb Code     0  printfa.o(i.__0printf)
    printf                                   0x08003619   Thumb Code     0  printfa.o(i.__0printf)
    free                                     0x08003639   Thumb Code    88  mallocr.o(i.__free$realloc)
    malloc                                   0x08003695   Thumb Code    64  mallocr.o(i.__malloc$realloc)
    __scatterload_copy                       0x080036e5   Thumb Code    14  handlers.o(i.__scatterload_copy)
    __scatterload_null                       0x080036f3   Thumb Code     2  handlers.o(i.__scatterload_null)
    __scatterload_zeroinit                   0x080036f5   Thumb Code    14  handlers.o(i.__scatterload_zeroinit)
    _ai_platform_acquire_crc                 0x08003715   Thumb Code     4  ai_platform_interface.o(i._ai_platform_acquire_crc)
    _ai_platform_release_crc                 0x080037ef   Thumb Code     2  ai_platform_interface.o(i._ai_platform_release_crc)
    _is_digit                                0x0800397b   Thumb Code    14  scanf_fp.o(i._is_digit)
    ai_array_get_byte_size                   0x080044ed   Thumb Code    54  ai_datatypes_format.o(i.ai_array_get_byte_size)
    ai_array_get_data_byte_size              0x08004523   Thumb Code    30  ai_datatypes_format.o(i.ai_array_get_data_byte_size)
    ai_array_to_buffer_fmt                   0x08004541   Thumb Code   242  ai_datatypes_format.o(i.ai_array_to_buffer_fmt)
    ai_buffer_array_item_set_address         0x08004669   Thumb Code    36  ai_platform.o(i.ai_buffer_array_item_set_address)
    ai_buffer_array_sane                     0x0800468d   Thumb Code    18  ai_platform.o(i.ai_buffer_array_sane)
    ai_buffer_get_size                       0x080046a1   Thumb Code    96  ai_platform.o(i.ai_buffer_get_size)
    ai_check_custom_types                    0x08004709   Thumb Code    38  layers.o(i.ai_check_custom_types)
    ai_dict_decompress_f32                   0x08004dc9   Thumb Code   122  layers_conv2d_generic_float.o(i.ai_dict_decompress_f32)
    ai_layers_forward_all                    0x08004e43   Thumb Code    78  layers.o(i.ai_layers_forward_all)
    ai_layers_init_all                       0x08004e91   Thumb Code    30  layers.o(i.ai_layers_init_all)
    ai_layers_post_init_all                  0x08004eaf   Thumb Code    54  layers.o(i.ai_layers_post_init_all)
    ai_platform_bind_network_params          0x08004ee5   Thumb Code    38  ai_platform_interface.o(i.ai_platform_bind_network_params)
    ai_platform_context_acquire              0x08004f11   Thumb Code    24  ai_platform_interface.o(i.ai_platform_context_acquire)
    ai_platform_get_activations_map          0x08004f2d   Thumb Code    38  ai_platform_interface.o(i.ai_platform_get_activations_map)
    ai_platform_get_weights_map              0x08004f59   Thumb Code    36  ai_platform_interface.o(i.ai_platform_get_weights_map)
    ai_platform_inputs_get                   0x08004f81   Thumb Code    60  ai_platform_interface.o(i.ai_platform_inputs_get)
    ai_platform_interface_api_get_version    0x08004fbd   Thumb Code    14  ai_platform_interface.o(i.ai_platform_interface_api_get_version)
    ai_platform_network_create               0x08004fd1   Thumb Code   240  ai_platform_interface.o(i.ai_platform_network_create)
    ai_platform_network_get_error            0x080050e1   Thumb Code    24  ai_platform_interface.o(i.ai_platform_network_get_error)
    ai_platform_network_init                 0x080050fd   Thumb Code   254  ai_platform_interface.o(i.ai_platform_network_init)
    ai_platform_network_post_init            0x0800520f   Thumb Code    70  ai_platform_interface.o(i.ai_platform_network_post_init)
    ai_platform_network_process              0x08005255   Thumb Code    84  ai_platform_interface.o(i.ai_platform_network_process)
    ai_platform_network_set_error            0x080052a9   Thumb Code    12  ai_platform_interface.o(i.ai_platform_network_set_error)
    ai_platform_outputs_get                  0x080052b5   Thumb Code    68  ai_platform_interface.o(i.ai_platform_outputs_get)
    ai_version_get                           0x08005313   Thumb Code    12  ai_datatypes_internal.o(i.ai_version_get)
    arm_mat_gemm_f32                         0x08005321   Thumb Code   378  layers_conv2d_generic_float.o(i.arm_mat_gemm_f32)
    core_get_error                           0x080054a7   Thumb Code    12  core_common.o(i.core_get_error)
    core_init                                0x080054b3   Thumb Code     4  core_common.o(i.core_init)
    core_set_error                           0x080054e9   Thumb Code    26  core_common.o(i.core_set_error)
    forward_conv2d                           0x08005505   Thumb Code   656  layers_conv2d_generic_float.o(i.forward_conv2d)
    forward_gemm                             0x0800579f   Thumb Code   416  layers_conv2d_generic_float.o(i.forward_gemm)
    forward_relu                             0x0800593f   Thumb Code   154  layers_nl_generic_float.o(i.forward_relu)
    get_tensor_byte_size                     0x080059dd   Thumb Code    34  ai_datatypes_internal.o(i.get_tensor_byte_size)
    nl_func_relu_array_f32                   0x08005a55   Thumb Code    62  layers_nl_generic_float.o(i.nl_func_relu_array_f32)
    nl_func_relu_generic_array_f32           0x08005a99   Thumb Code   190  layers_nl_generic_float.o(i.nl_func_relu_generic_array_f32)
    nl_func_relu_thresholded_array_f32       0x08005b5d   Thumb Code    66  layers_nl_generic_float.o(i.nl_func_relu_thresholded_array_f32)
    st_dsp_arm_mat_init_f32                  0x08005ba5   Thumb Code     8  arm_mat_init_f32.o(i.st_dsp_arm_mat_init_f32)
    __ctype_categories                       0x08005c18   Data          64  ctype_c.o(.constdata)
    AHBPrescTable                            0x08005c68   Data          16  system_stm32l4xx.o(.rodata.AHBPrescTable)
    APBPrescTable                            0x08005c78   Data           8  system_stm32l4xx.o(.rodata.APBPrescTable)
    MSIRangeTable                            0x08005c80   Data          48  system_stm32l4xx.o(.rodata.MSIRangeTable)
    s_network_network_weights_array_u64      0x08005ce0   Data       27760  network_data.o(.rodata.s_network_network_weights_array_u64)
    Region$$Table$$Base                      0x0800c950   Number         0  anon$$obj.o(Region$$Table)
    Region$$Table$$Limit                     0x0800c970   Number         0  anon$$obj.o(Region$$Table)
    __stdin                                  0x20000000   Data           4  stdin.o(.data)
    __stdout                                 0x20000004   Data           4  stdout.o(.data)
    __microlib_freelist                      0x20000008   Data           4  mvars.o(.data)
    __microlib_freelist_initialised          0x2000000c   Data           4  mvars.o(.data)
    uwTickFreq                               0x20000084   Data           1  stm32l4xx_hal.o(.data..L_MergedGlobals)
    uwTickPrio                               0x20000088   Data           4  stm32l4xx_hal.o(.data..L_MergedGlobals)
    SystemCoreClock                          0x200003d8   Data           4  system_stm32l4xx.o(.data.SystemCoreClock)
    g_network_data_map_activations           0x20000494   Data          28  network_data.o(.data.g_network_data_map_activations)
    g_network_data_map_weights               0x200004b0   Data          28  network_data.o(.data.g_network_data_map_weights)
    hcrc                                     0x20000a88   Data          36  crc.o(.bss.hcrc)
    huart2                                   0x20000aac   Data         132  usart.o(.bss.huart2)
    input                                    0x20000b30   Data        5000  main.o(.bss.input)
    result                                   0x20001eb8   Data           8  main.o(.bss.result)
    uwTick                                   0x20001ec0   Data           4  stm32l4xx_hal.o(.bss.uwTick)
    __heap_base                              0x20001ec8   Data           0  startup_stm32l432xx.o(HEAP)
    __heap_limit                             0x200026c8   Data           0  startup_stm32l432xx.o(HEAP)
    __initial_sp                             0x20002ec8   Data           0  startup_stm32l432xx.o(STACK)



==============================================================================

Memory Map of the image

  Image Entry point : 0x0800018d

  Load Region LR_IROM1 (Base: 0x08000000, Size: 0x0000d000, Max: 0x00040000, ABSOLUTE, COMPRESSED[0x0000cc00])

    Execution Region ER_IROM1 (Exec base: 0x08000000, Load base: 0x08000000, Size: 0x0000c970, Max: 0x00040000, ABSOLUTE)

    Exec Addr    Load Addr    Size         Type   Attr      Idx    E Section Name        Object

    0x08000000   0x08000000   0x0000018c   Data   RO            3    RESET               startup_stm32l432xx.o
    0x0800018c   0x0800018c   0x00000000   Code   RO         2224  * .ARM.Collect$$$$00000000  mc_w.l(entry.o)
    0x0800018c   0x0800018c   0x00000004   Code   RO         2576    .ARM.Collect$$$$00000001  mc_w.l(entry2.o)
    0x08000190   0x08000190   0x00000004   Code   RO         2579    .ARM.Collect$$$$00000004  mc_w.l(entry5.o)
    0x08000194   0x08000194   0x00000000   Code   RO         2581    .ARM.Collect$$$$00000008  mc_w.l(entry7b.o)
    0x08000194   0x08000194   0x00000000   Code   RO         2583    .ARM.Collect$$$$0000000A  mc_w.l(entry8b.o)
    0x08000194   0x08000194   0x00000008   Code   RO         2584    .ARM.Collect$$$$0000000B  mc_w.l(entry9a.o)
    0x0800019c   0x0800019c   0x00000000   Code   RO         2586    .ARM.Collect$$$$0000000D  mc_w.l(entry10a.o)
    0x0800019c   0x0800019c   0x00000000   Code   RO         2588    .ARM.Collect$$$$0000000F  mc_w.l(entry11a.o)
    0x0800019c   0x0800019c   0x00000004   Code   RO         2577    .ARM.Collect$$$$00002712  mc_w.l(entry2.o)
    0x080001a0   0x080001a0   0x00000024   Code   RO            4    .text               startup_stm32l432xx.o
    0x080001c4   0x080001c4   0x00000068   Code   RO         2227    .text               mc_w.l(uldiv.o)
    0x0800022c   0x0800022c   0x00000024   Code   RO         2232    .text               mc_w.l(memcpya.o)
    0x08000250   0x08000250   0x00000024   Code   RO         2234    .text               mc_w.l(memseta.o)
    0x08000274   0x08000274   0x0000001a   Code   RO         2236    .text               mc_w.l(memcmp.o)
    0x0800028e   0x0800028e   0x00000002   PAD
    0x08000290   0x08000290   0x00000020   Code   RO         2529    .text               mc_w.l(__0scanf.o)
    0x080002b0   0x080002b0   0x00000152   Code   RO         2531    .text               mc_w.l(_scanf_int.o)
    0x08000402   0x08000402   0x00000002   PAD
    0x08000404   0x08000404   0x00000366   Code   RO         2533    .text               mc_w.l(scanf_fp.o)
    0x0800076a   0x0800076a   0x0000015e   Code   RO         2537    .text               mf_w.l(dadd.o)
    0x080008c8   0x080008c8   0x000000de   Code   RO         2539    .text               mf_w.l(ddiv.o)
    0x080009a6   0x080009a6   0x0000001a   Code   RO         2541    .text               mf_w.l(dfltui.o)
    0x080009c0   0x080009c0   0x0000002c   Code   RO         2601    .text               mc_w.l(uidiv.o)
    0x080009ec   0x080009ec   0x0000001e   Code   RO         2603    .text               mc_w.l(llshl.o)
    0x08000a0a   0x08000a0a   0x00000020   Code   RO         2605    .text               mc_w.l(llushr.o)
    0x08000a2a   0x08000a2a   0x00000024   Code   RO         2607    .text               mc_w.l(llsshr.o)
    0x08000a4e   0x08000a4e   0x0000001c   Code   RO         2618    .text               mc_w.l(_chval.o)
    0x08000a6a   0x08000a6a   0x00000002   PAD
    0x08000a6c   0x08000a6c   0x00000014   Code   RO         2620    .text               mc_w.l(scanf_char_file.o)
    0x08000a80   0x08000a80   0x00000000   Code   RO         2622    .text               mc_w.l(iusefp.o)
    0x08000a80   0x08000a80   0x000000ba   Code   RO         2627    .text               mf_w.l(depilogue.o)
    0x08000b3a   0x08000b3a   0x000000ea   Code   RO         2629    .text               mf_w.l(dmul.o)
    0x08000c24   0x08000c24   0x00000018   Code   RO         2631    .text               mf_w.l(dfltul.o)
    0x08000c3c   0x08000c3c   0x00000030   Code   RO         2633    .text               mf_w.l(dfixul.o)
    0x08000c6c   0x08000c6c   0x00000030   Code   RO         2635    .text               mf_w.l(cdrcmple.o)
    0x08000c9c   0x08000c9c   0x00000038   Code   RO         2637    .text               mf_w.l(d2f.o)
    0x08000cd4   0x08000cd4   0x00000024   Code   RO         2641    .text               mc_w.l(init.o)
    0x08000cf8   0x08000cf8   0x0000002c   Code   RO         2643    .text               mc_w.l(fgetc_b.o)
    0x08000d24   0x08000d24   0x00000028   Code   RO         2646    .text               mc_w.l(scanf_char.o)
    0x08000d4c   0x08000d4c   0x0000006e   Code   RO         2648    .text               mf_w.l(fepilogue.o)
    0x08000dba   0x08000dba   0x00000000   Code   RO         2650    .text               mc_w.l(semi.o)
    0x08000dba   0x08000dba   0x0000000a   Code   RO         2651    .text               mc_w.l(isspace_c.o)
    0x08000dc4   0x08000dc4   0x00000332   Code   RO         2653    .text               mc_w.l(_scanf.o)
    0x080010f6   0x080010f6   0x00000000   Code   RO         2655    .text               mc_w.l(iusesemig.o)
    0x080010f6   0x080010f6   0x00000002   PAD
    0x080010f8   0x080010f8   0x00000028   Code   RO         2656    .text               mc_w.l(ctype_c.o)
    0x08001120   0x08001120   0x00000056   Code   RO         2667    .text               mc_w.l(__dczerorl2.o)
    0x08001176   0x08001176   0x00000002   PAD
    0x08001178   0x08001178   0x00000002   Code   RO          256    .text.BusFault_Handler  stm32l4xx_it.o
    0x0800117a   0x0800117a   0x00000002   PAD
    0x0800117c   0x0800117c   0x00000002   Code   RO          262    .text.DebugMon_Handler  stm32l4xx_it.o
    0x0800117e   0x0800117e   0x00000002   PAD
    0x08001180   0x08001180   0x0000000a   Code   RO          157    .text.Error_Handler  main.o
    0x0800118a   0x0800118a   0x00000002   PAD
    0x0800118c   0x0800118c   0x0000008c   Code   RO          345    .text.HAL_CRCEx_Polynomial_Set  stm32l4xx_hal_crc_ex.o
    0x08001218   0x08001218   0x00000078   Code   RO          323    .text.HAL_CRC_Init  stm32l4xx_hal_crc.o
    0x08001290   0x08001290   0x00000032   Code   RO          181    .text.HAL_CRC_MspInit  crc.o
    0x080012c2   0x080012c2   0x00000002   PAD
    0x080012c4   0x080012c4   0x00000028   Code   RO          379    .text.HAL_Delay     stm32l4xx_hal.o
    0x080012ec   0x080012ec   0x000001f4   Code   RO          761    .text.HAL_GPIO_Init  stm32l4xx_hal_gpio.o
    0x080014e0   0x080014e0   0x0000000c   Code   RO          767    .text.HAL_GPIO_WritePin  stm32l4xx_hal_gpio.o
    0x080014ec   0x080014ec   0x0000000c   Code   RO          371    .text.HAL_GetTick   stm32l4xx_hal.o
    0x080014f8   0x080014f8   0x0000001a   Code   RO          369    .text.HAL_IncTick   stm32l4xx_hal.o
    0x08001512   0x08001512   0x00000002   PAD
    0x08001514   0x08001514   0x0000001e   Code   RO          359    .text.HAL_Init      stm32l4xx_hal.o
    0x08001532   0x08001532   0x00000002   PAD
    0x08001534   0x08001534   0x0000004c   Code   RO          361    .text.HAL_InitTick  stm32l4xx_hal.o
    0x08001580   0x08001580   0x00000032   Code   RO          277    .text.HAL_MspInit   stm32l4xx_hal_msp.o
    0x080015b2   0x080015b2   0x00000002   PAD
    0x080015b4   0x080015b4   0x00000056   Code   RO          936    .text.HAL_NVIC_SetPriority  stm32l4xx_hal_cortex.o
    0x0800160a   0x0800160a   0x00000002   PAD
    0x0800160c   0x0800160c   0x00000020   Code   RO          934    .text.HAL_NVIC_SetPriorityGrouping  stm32l4xx_hal_cortex.o
    0x0800162c   0x0800162c   0x0000008c   Code   RO          860    .text.HAL_PWREx_ControlVoltageScaling  stm32l4xx_hal_pwr_ex.o
    0x080016b8   0x080016b8   0x00000010   Code   RO          858    .text.HAL_PWREx_GetVoltageRange  stm32l4xx_hal_pwr_ex.o
    0x080016c8   0x080016c8   0x00000288   Code   RO          637    .text.HAL_RCCEx_PeriphCLKConfig  stm32l4xx_hal_rcc_ex.o
    0x08001950   0x08001950   0x0000027a   Code   RO          607    .text.HAL_RCC_ClockConfig  stm32l4xx_hal_rcc.o
    0x08001bca   0x08001bca   0x00000002   PAD
    0x08001bcc   0x08001bcc   0x0000002a   Code   RO          613    .text.HAL_RCC_GetPCLK1Freq  stm32l4xx_hal_rcc.o
    0x08001bf6   0x08001bf6   0x00000002   PAD
    0x08001bf8   0x08001bf8   0x0000002a   Code   RO          615    .text.HAL_RCC_GetPCLK2Freq  stm32l4xx_hal_rcc.o
    0x08001c22   0x08001c22   0x00000002   PAD
    0x08001c24   0x08001c24   0x000000c2   Code   RO          605    .text.HAL_RCC_GetSysClockFreq  stm32l4xx_hal_rcc.o
    0x08001ce6   0x08001ce6   0x00000002   PAD
    0x08001ce8   0x08001ce8   0x000007d0   Code   RO          603    .text.HAL_RCC_OscConfig  stm32l4xx_hal_rcc.o
    0x080024b8   0x080024b8   0x0000002c   Code   RO          946    .text.HAL_SYSTICK_Config  stm32l4xx_hal_cortex.o
    0x080024e4   0x080024e4   0x000000c2   Code   RO         1070    .text.HAL_UART_Init  stm32l4xx_hal_uart.o
    0x080025a6   0x080025a6   0x00000002   PAD
    0x080025a8   0x080025a8   0x0000007c   Code   RO          233    .text.HAL_UART_MspInit  usart.o
    0x08002624   0x08002624   0x000000fc   Code   RO         1094    .text.HAL_UART_Receive  stm32l4xx_hal_uart.o
    0x08002720   0x08002720   0x000000d8   Code   RO         1090    .text.HAL_UART_Transmit  stm32l4xx_hal_uart.o
    0x080027f8   0x080027f8   0x00000002   Code   RO          252    .text.HardFault_Handler  stm32l4xx_it.o
    0x080027fa   0x080027fa   0x00000002   PAD
    0x080027fc   0x080027fc   0x0000008a   Code   RO         1012    .text.LL_TIM_Init   stm32l4xx_ll_tim.o
    0x08002886   0x08002886   0x00000002   PAD
    0x08002888   0x08002888   0x00000032   Code   RO          179    .text.MX_CRC_Init   crc.o
    0x080028ba   0x080028ba   0x00000002   PAD
    0x080028bc   0x080028bc   0x00000070   Code   RO          170    .text.MX_GPIO_Init  gpio.o
    0x0800292c   0x0800292c   0x00000098   Code   RO          223    .text.MX_TIM2_Init  tim.o
    0x080029c4   0x080029c4   0x00000040   Code   RO          231    .text.MX_USART2_UART_Init  usart.o
    0x08002a04   0x08002a04   0x00000042   Code   RO          202    .text.MX_X_CUBE_AI_Init  app_x-cube-ai.o
    0x08002a46   0x08002a46   0x00000002   PAD
    0x08002a48   0x08002a48   0x00000002   Code   RO          254    .text.MemManage_Handler  stm32l4xx_it.o
    0x08002a4a   0x08002a4a   0x00000002   PAD
    0x08002a4c   0x08002a4c   0x00000002   Code   RO          250    .text.NMI_Handler   stm32l4xx_it.o
    0x08002a4e   0x08002a4e   0x00000002   PAD
    0x08002a50   0x08002a50   0x00000002   Code   RO          264    .text.PendSV_Handler  stm32l4xx_it.o
    0x08002a52   0x08002a52   0x00000002   PAD
    0x08002a54   0x08002a54   0x0000016a   Code   RO          639    .text.RCCEx_PLLSAI1_Config  stm32l4xx_hal_rcc_ex.o
    0x08002bbe   0x08002bbe   0x00000002   PAD
    0x08002bc0   0x08002bc0   0x00000002   Code   RO          260    .text.SVC_Handler   stm32l4xx_it.o
    0x08002bc2   0x08002bc2   0x00000002   PAD
    0x08002bc4   0x08002bc4   0x00000004   Code   RO          266    .text.SysTick_Handler  stm32l4xx_it.o
    0x08002bc8   0x08002bc8   0x000000a4   Code   RO          155    .text.SystemClock_Config  main.o
    0x08002c6c   0x08002c6c   0x00000012   Code   RO         1235    .text.SystemInit    system_stm32l4xx.o
    0x08002c7e   0x08002c7e   0x00000002   PAD
    0x08002c80   0x08002c80   0x00000002   Code   RO          268    .text.TIM2_IRQHandler  stm32l4xx_it.o
    0x08002c82   0x08002c82   0x00000002   PAD
    0x08002c84   0x08002c84   0x000000e8   Code   RO         1076    .text.UART_AdvFeatureConfig  stm32l4xx_hal_uart.o
    0x08002d6c   0x08002d6c   0x00000218   Code   RO         1074    .text.UART_SetConfig  stm32l4xx_hal_uart.o
    0x08002f84   0x08002f84   0x0000020e   Code   RO         1092    .text.UART_WaitOnFlagUntilTimeout  stm32l4xx_hal_uart.o
    0x08003192   0x08003192   0x00000002   PAD
    0x08003194   0x08003194   0x00000002   Code   RO          258    .text.UsageFault_Handler  stm32l4xx_it.o
    0x08003196   0x08003196   0x00000002   PAD
    0x08003198   0x08003198   0x0000002c   Code   RO          200    .text.aiRun         app_x-cube-ai.o
    0x080031c4   0x080031c4   0x000000aa   Code   RO           19    .text.ai_network_create_and_init  network.o
    0x0800326e   0x0800326e   0x00000002   PAD
    0x08003270   0x08003270   0x00000038   Code   RO          133    .text.ai_network_data_params_get  network_data.o
    0x080032a8   0x080032a8   0x00000004   Code   RO           15    .text.ai_network_get_error  network.o
    0x080032ac   0x080032ac   0x000000e8   Code   RO           21    .text.ai_network_init  network.o
    0x08003394   0x08003394   0x0000001e   Code   RO           23    .text.ai_network_inputs_get  network.o
    0x080033b2   0x080033b2   0x00000002   PAD
    0x080033b4   0x080033b4   0x0000001e   Code   RO           25    .text.ai_network_outputs_get  network.o
    0x080033d2   0x080033d2   0x00000002   PAD
    0x080033d4   0x080033d4   0x00000004   Code   RO           29    .text.ai_network_run  network.o
    0x080033d8   0x080033d8   0x00000022   Code   RO          239    .text.fgetc         usart.o
    0x080033fa   0x080033fa   0x00000002   PAD
    0x080033fc   0x080033fc   0x00000020   Code   RO          237    .text.fputc         usart.o
    0x0800341c   0x0800341c   0x00000004   PAD
    0x08003420   0x08003420   0x0000018c   Code   RO          153    .text.main          main.o
    0x080035ac   0x080035ac   0x0000006c   Code   RO         1267    i.CRC_Lock          NetworkRuntime710_CM4_Keil.lib(ai_platform_interface.o)
    0x08003618   0x08003618   0x00000020   Code   RO         2473    i.__0printf         mc_w.l(printfa.o)
    0x08003638   0x08003638   0x0000005c   Code   RO         2505    i.__free$realloc    mc_w.l(mallocr.o)
    0x08003694   0x08003694   0x00000050   Code   RO         2506    i.__malloc$realloc  mc_w.l(mallocr.o)
    0x080036e4   0x080036e4   0x0000000e   Code   RO         2661    i.__scatterload_copy  mc_w.l(handlers.o)
    0x080036f2   0x080036f2   0x00000002   Code   RO         2662    i.__scatterload_null  mc_w.l(handlers.o)
    0x080036f4   0x080036f4   0x0000000e   Code   RO         2663    i.__scatterload_zeroinit  mc_w.l(handlers.o)
    0x08003702   0x08003702   0x00000012   Code   RO         2035    i._ai_forward_layer  NetworkRuntime710_CM4_Keil.lib(layers.o)
    0x08003714   0x08003714   0x00000004   Code   RO         1268    i._ai_platform_acquire_crc  NetworkRuntime710_CM4_Keil.lib(ai_platform_interface.o)
    0x08003718   0x08003718   0x000000d6   Code   RO         1269    i._ai_platform_get_io_buffers_info  NetworkRuntime710_CM4_Keil.lib(ai_platform_interface.o)
    0x080037ee   0x080037ee   0x00000002   Code   RO         1270    i._ai_platform_release_crc  NetworkRuntime710_CM4_Keil.lib(ai_platform_interface.o)
    0x080037f0   0x080037f0   0x0000018a   Code   RO         2480    i._fp_digits        mc_w.l(printfa.o)
    0x0800397a   0x0800397a   0x0000000e   Code   RO         2535    i._is_digit         mc_w.l(scanf_fp.o)
    0x08003988   0x08003988   0x0000004c   Code   RO         1271    i._platform_ai_buffer_array_copy  NetworkRuntime710_CM4_Keil.lib(ai_platform_interface.o)
    0x080039d4   0x080039d4   0x00000050   Code   RO         1272    i._platform_get_table_map_from_buffer  NetworkRuntime710_CM4_Keil.lib(ai_platform_interface.o)
    0x08003a24   0x08003a24   0x00000044   Code   RO         1273    i._platform_get_table_map_from_buffer_array  NetworkRuntime710_CM4_Keil.lib(ai_platform_interface.o)
    0x08003a68   0x08003a68   0x00000014   Code   RO         1274    i._platform_network_buffers_signature_valid  NetworkRuntime710_CM4_Keil.lib(ai_platform_interface.o)
    0x08003a7c   0x08003a7c   0x00000216   Code   RO         1275    i._platform_network_io_bind  NetworkRuntime710_CM4_Keil.lib(ai_platform_interface.o)
    0x08003c92   0x08003c92   0x0000003e   Code   RO         1276    i._platform_network_state_setup  NetworkRuntime710_CM4_Keil.lib(ai_platform_interface.o)
    0x08003cd0   0x08003cd0   0x00000068   Code   RO         1277    i._platform_network_state_update_input  NetworkRuntime710_CM4_Keil.lib(ai_platform_interface.o)
    0x08003d38   0x08003d38   0x00000080   Code   RO         1278    i._platform_network_state_update_output  NetworkRuntime710_CM4_Keil.lib(ai_platform_interface.o)
    0x08003db8   0x08003db8   0x000006e2   Code   RO         2481    i._printf_core      mc_w.l(printfa.o)
    0x0800449a   0x0800449a   0x00000024   Code   RO         2482    i._printf_post_padding  mc_w.l(printfa.o)
    0x080044be   0x080044be   0x0000002e   Code   RO         2483    i._printf_pre_padding  mc_w.l(printfa.o)
    0x080044ec   0x080044ec   0x00000036   Code   RO         1563    i.ai_array_get_byte_size  NetworkRuntime710_CM4_Keil.lib(ai_datatypes_format.o)
    0x08004522   0x08004522   0x0000001e   Code   RO         1564    i.ai_array_get_data_byte_size  NetworkRuntime710_CM4_Keil.lib(ai_datatypes_format.o)
    0x08004540   0x08004540   0x00000128   Code   RO         1566    i.ai_array_to_buffer_fmt  NetworkRuntime710_CM4_Keil.lib(ai_datatypes_format.o)
    0x08004668   0x08004668   0x00000024   Code   RO         1253    i.ai_buffer_array_item_set_address  NetworkRuntime710_CM4_Keil.lib(ai_platform.o)
    0x0800468c   0x0800468c   0x00000012   Code   RO         1254    i.ai_buffer_array_sane  NetworkRuntime710_CM4_Keil.lib(ai_platform.o)
    0x0800469e   0x0800469e   0x00000002   PAD
    0x080046a0   0x080046a0   0x00000068   Code   RO         1256    i.ai_buffer_get_size  NetworkRuntime710_CM4_Keil.lib(ai_platform.o)
    0x08004708   0x08004708   0x0000002c   Code   RO         2036    i.ai_check_custom_types  NetworkRuntime710_CM4_Keil.lib(layers.o)
    0x08004734   0x08004734   0x00000126   Code   RO         1351    i.ai_conv2d_kernel_depthwise_f32  NetworkRuntime710_CM4_Keil.lib(layers_conv2d_generic_float.o)
    0x0800485a   0x0800485a   0x00000002   PAD
    0x0800485c   0x0800485c   0x0000016a   Code   RO         1352    i.ai_conv2d_kernel_group_f32  NetworkRuntime710_CM4_Keil.lib(layers_conv2d_generic_float.o)
    0x080049c6   0x080049c6   0x00000002   PAD
    0x080049c8   0x080049c8   0x0000018c   Code   RO         1353    i.ai_conv2d_kernel_simple_opt_f32  NetworkRuntime710_CM4_Keil.lib(layers_conv2d_generic_float.o)
    0x08004b54   0x08004b54   0x00000274   Code   RO         1354    i.ai_conv2d_stripe_f32  NetworkRuntime710_CM4_Keil.lib(layers_conv2d_generic_float.o)
    0x08004dc8   0x08004dc8   0x0000007a   Code   RO         1357    i.ai_dict_decompress_f32  NetworkRuntime710_CM4_Keil.lib(layers_conv2d_generic_float.o)
    0x08004e42   0x08004e42   0x0000004e   Code   RO         2040    i.ai_layers_forward_all  NetworkRuntime710_CM4_Keil.lib(layers.o)
    0x08004e90   0x08004e90   0x0000001e   Code   RO         2041    i.ai_layers_init_all  NetworkRuntime710_CM4_Keil.lib(layers.o)
    0x08004eae   0x08004eae   0x00000036   Code   RO         2042    i.ai_layers_post_init_all  NetworkRuntime710_CM4_Keil.lib(layers.o)
    0x08004ee4   0x08004ee4   0x0000002c   Code   RO         1282    i.ai_platform_bind_network_params  NetworkRuntime710_CM4_Keil.lib(ai_platform_interface.o)
    0x08004f10   0x08004f10   0x0000001c   Code   RO         1283    i.ai_platform_context_acquire  NetworkRuntime710_CM4_Keil.lib(ai_platform_interface.o)
    0x08004f2c   0x08004f2c   0x0000002c   Code   RO         1285    i.ai_platform_get_activations_map  NetworkRuntime710_CM4_Keil.lib(ai_platform_interface.o)
    0x08004f58   0x08004f58   0x00000028   Code   RO         1286    i.ai_platform_get_weights_map  NetworkRuntime710_CM4_Keil.lib(ai_platform_interface.o)
    0x08004f80   0x08004f80   0x0000003c   Code   RO         1287    i.ai_platform_inputs_get  NetworkRuntime710_CM4_Keil.lib(ai_platform_interface.o)
    0x08004fbc   0x08004fbc   0x00000014   Code   RO         1288    i.ai_platform_interface_api_get_version  NetworkRuntime710_CM4_Keil.lib(ai_platform_interface.o)
    0x08004fd0   0x08004fd0   0x0000010e   Code   RO         1289    i.ai_platform_network_create  NetworkRuntime710_CM4_Keil.lib(ai_platform_interface.o)
    0x080050de   0x080050de   0x00000002   PAD
    0x080050e0   0x080050e0   0x0000001c   Code   RO         1291    i.ai_platform_network_get_error  NetworkRuntime710_CM4_Keil.lib(ai_platform_interface.o)
    0x080050fc   0x080050fc   0x00000112   Code   RO         1292    i.ai_platform_network_init  NetworkRuntime710_CM4_Keil.lib(ai_platform_interface.o)
    0x0800520e   0x0800520e   0x00000046   Code   RO         1293    i.ai_platform_network_post_init  NetworkRuntime710_CM4_Keil.lib(ai_platform_interface.o)
    0x08005254   0x08005254   0x00000054   Code   RO         1294    i.ai_platform_network_process  NetworkRuntime710_CM4_Keil.lib(ai_platform_interface.o)
    0x080052a8   0x080052a8   0x0000000c   Code   RO         1295    i.ai_platform_network_set_error  NetworkRuntime710_CM4_Keil.lib(ai_platform_interface.o)
    0x080052b4   0x080052b4   0x00000044   Code   RO         1301    i.ai_platform_outputs_get  NetworkRuntime710_CM4_Keil.lib(ai_platform_interface.o)
    0x080052f8   0x080052f8   0x0000001a   Code   RO         1391    i.ai_shape_get_size  NetworkRuntime710_CM4_Keil.lib(layers_nl_generic_float.o)
    0x08005312   0x08005312   0x0000000c   Code   RO         1587    i.ai_version_get    NetworkRuntime710_CM4_Keil.lib(ai_datatypes_internal.o)
    0x0800531e   0x0800531e   0x00000002   PAD
    0x08005320   0x08005320   0x00000186   Code   RO         1358    i.arm_mat_gemm_f32  NetworkRuntime710_CM4_Keil.lib(layers_conv2d_generic_float.o)
    0x080054a6   0x080054a6   0x0000000c   Code   RO         2051    i.core_get_error    NetworkRuntime710_CM4_Keil.lib(core_common.o)
    0x080054b2   0x080054b2   0x00000004   Code   RO         2052    i.core_init         NetworkRuntime710_CM4_Keil.lib(core_common.o)
    0x080054b6   0x080054b6   0x00000010   Code   RO         1359    i.core_nl_get_params_byte_size  NetworkRuntime710_CM4_Keil.lib(layers_conv2d_generic_float.o)
    0x080054c6   0x080054c6   0x00000012   Code   RO         1360    i.core_nl_get_params_ptr  NetworkRuntime710_CM4_Keil.lib(layers_conv2d_generic_float.o)
    0x080054d8   0x080054d8   0x00000010   Code   RO         1361    i.core_nl_get_params_stride  NetworkRuntime710_CM4_Keil.lib(layers_conv2d_generic_float.o)
    0x080054e8   0x080054e8   0x0000001a   Code   RO         2053    i.core_set_error    NetworkRuntime710_CM4_Keil.lib(core_common.o)
    0x08005502   0x08005502   0x00000002   PAD
    0x08005504   0x08005504   0x0000029a   Code   RO         1362    i.forward_conv2d    NetworkRuntime710_CM4_Keil.lib(layers_conv2d_generic_float.o)
    0x0800579e   0x0800579e   0x000001a0   Code   RO         1365    i.forward_gemm      NetworkRuntime710_CM4_Keil.lib(layers_conv2d_generic_float.o)
    0x0800593e   0x0800593e   0x0000009a   Code   RO         1415    i.forward_relu      NetworkRuntime710_CM4_Keil.lib(layers_nl_generic_float.o)
    0x080059d8   0x080059d8   0x00000002   Code   RO         1367    i.func_dummy        NetworkRuntime710_CM4_Keil.lib(layers_conv2d_generic_float.o)
    0x080059da   0x080059da   0x00000002   PAD
    0x080059dc   0x080059dc   0x00000028   Code   RO         1588    i.get_tensor_byte_size  NetworkRuntime710_CM4_Keil.lib(ai_datatypes_internal.o)
    0x08005a04   0x08005a04   0x00000050   Code   RO         2507    i.internal_alloc    mc_w.l(mallocr.o)
    0x08005a54   0x08005a54   0x00000044   Code   RO         1455    i.nl_func_relu_array_f32  NetworkRuntime710_CM4_Keil.lib(layers_nl_generic_float.o)
    0x08005a98   0x08005a98   0x000000c4   Code   RO         1456    i.nl_func_relu_generic_array_f32  NetworkRuntime710_CM4_Keil.lib(layers_nl_generic_float.o)
    0x08005b5c   0x08005b5c   0x00000048   Code   RO         1457    i.nl_func_relu_thresholded_array_f32  NetworkRuntime710_CM4_Keil.lib(layers_nl_generic_float.o)
    0x08005ba4   0x08005ba4   0x00000008   Code   RO         2070    i.st_dsp_arm_mat_init_f32  NetworkRuntime710_CM4_Keil.lib(arm_mat_init_f32.o)
    0x08005bac   0x08005bac   0x0000006c   Data   RO         1304    .constdata          NetworkRuntime710_CM4_Keil.lib(ai_platform_interface.o)
    0x08005c18   0x08005c18   0x00000040   Data   RO         2657    .constdata          mc_w.l(ctype_c.o)
    0x08005c58   0x08005c58   0x00000008   Data   RO          141    .rodata..L__const.ai_network_data_params_get.map_activations  network_data.o
    0x08005c60   0x08005c60   0x00000008   Data   RO          142    .rodata..L__const.ai_network_data_params_get.map_weights  network_data.o
    0x08005c68   0x08005c68   0x00000010   Data   RO         1240    .rodata.AHBPrescTable  system_stm32l4xx.o
    0x08005c78   0x08005c78   0x00000008   Data   RO         1241    .rodata.APBPrescTable  system_stm32l4xx.o
    0x08005c80   0x08005c80   0x00000030   Data   RO         1242    .rodata.MSIRangeTable  system_stm32l4xx.o
    0x08005cb0   0x08005cb0   0x00000010   Data   RO         1196    .rodata.cst16       stm32l4xx_hal_uart.o
    0x08005cc0   0x08005cc0   0x00000008   Data   RO           65    .rodata.input_12_chain  network.o
    0x08005cc8   0x08005cc8   0x00000008   Data   RO           63    .rodata.input_8_chain  network.o
    0x08005cd0   0x08005cd0   0x00000008   Data   RO           59    .rodata.input_chain  network.o
    0x08005cd8   0x08005cd8   0x00000008   Data   RO           66    .rodata.node_12_chain  network.o
    0x08005ce0   0x08005ce0   0x00006c70   Data   RO          135    .rodata.s_network_network_weights_array_u64  network_data.o
    0x0800c950   0x0800c950   0x00000020   Data   RO         2660    Region$$Table       anon$$obj.o


    Execution Region RW_IRAM2 (Exec base: 0x10000000, Load base: 0x0800cc00, Size: 0x00000000, Max: 0x00004000, ABSOLUTE)

    **** No section assigned to this execution region ****


    Execution Region RW_IRAM1 (Exec base: 0x20000000, Load base: 0x0800c980, Size: 0x00002ec8, Max: 0x0000c000, ABSOLUTE, COMPRESSED[0x00000280])

    Exec Addr    Load Addr    Size         Type   Attr      Idx    E Section Name        Object

    0x20000000   COMPRESSED   0x00000004   Data   RW         2590    .data               mc_w.l(stdin.o)
    0x20000004   COMPRESSED   0x00000004   Data   RW         2591    .data               mc_w.l(stdout.o)
    0x20000008   COMPRESSED   0x00000004   Data   RW         2609    .data               mc_w.l(mvars.o)
    0x2000000c   COMPRESSED   0x00000004   Data   RW         2610    .data               mc_w.l(mvars.o)
    0x20000010   COMPRESSED   0x00000003   Data   RW         2644    .data               mc_w.l(fgetc_b.o)
    0x20000013   COMPRESSED   0x00000001   PAD
    0x20000014   COMPRESSED   0x00000070   Data   RW          117    .data..L_MergedGlobals  network.o
    0x20000084   COMPRESSED   0x00000008   Data   RW          420    .data..L_MergedGlobals  stm32l4xx_hal.o
    0x2000008c   COMPRESSED   0x00000020   Data   RW          118    .data..L_MergedGlobals.78  network.o
    0x200000ac   COMPRESSED   0x00000010   Data   RW           34    .data..compoundliteral  network.o
    0x200000bc   COMPRESSED   0x00000010   Data   RW          136    .data..compoundliteral  network_data.o
    0x200000cc   COMPRESSED   0x00000010   Data   RW          138    .data..compoundliteral.1  network_data.o
    0x200000dc   COMPRESSED   0x0000000c   Data   RW           42    .data..compoundliteral.12  network.o
    0x200000e8   COMPRESSED   0x00000004   Data   RW           43    .data..compoundliteral.13  network.o
    0x200000ec   COMPRESSED   0x0000000c   Data   RW           47    .data..compoundliteral.17  network.o
    0x200000f8   COMPRESSED   0x00000018   Data   RW           48    .data..compoundliteral.18  network.o
    0x20000110   COMPRESSED   0x00000010   Data   RW           50    .data..compoundliteral.20  network.o
    0x20000120   COMPRESSED   0x00000010   Data   RW           51    .data..compoundliteral.21  network.o
    0x20000130   COMPRESSED   0x00000010   Data   RW           54    .data..compoundliteral.23  network.o
    0x20000140   COMPRESSED   0x00000010   Data   RW           55    .data..compoundliteral.24  network.o
    0x20000150   COMPRESSED   0x0000000c   Data   RW           67    .data..compoundliteral.28  network.o
    0x2000015c   COMPRESSED   0x00000004   Data   RW           68    .data..compoundliteral.29  network.o
    0x20000160   COMPRESSED   0x00000030   Data   RW           71    .data..compoundliteral.32  network.o
    0x20000190   COMPRESSED   0x00000010   Data   RW           72    .data..compoundliteral.33  network.o
    0x200001a0   COMPRESSED   0x00000010   Data   RW           73    .data..compoundliteral.34  network.o
    0x200001b0   COMPRESSED   0x00000010   Data   RW           75    .data..compoundliteral.36  network.o
    0x200001c0   COMPRESSED   0x00000010   Data   RW           76    .data..compoundliteral.37  network.o
    0x200001d0   COMPRESSED   0x00000010   Data   RW           78    .data..compoundliteral.39  network.o
    0x200001e0   COMPRESSED   0x00000010   Data   RW           79    .data..compoundliteral.40  network.o
    0x200001f0   COMPRESSED   0x00000004   Data   RW           81    .data..compoundliteral.42  network.o
    0x200001f4   COMPRESSED   0x00000004   Data   RW           82    .data..compoundliteral.43  network.o
    0x200001f8   COMPRESSED   0x00000030   Data   RW           85    .data..compoundliteral.46  network.o
    0x20000228   COMPRESSED   0x00000010   Data   RW           86    .data..compoundliteral.47  network.o
    0x20000238   COMPRESSED   0x00000010   Data   RW           87    .data..compoundliteral.48  network.o
    0x20000248   COMPRESSED   0x0000001c   Data   RW           35    .data..compoundliteral.5  network.o
    0x20000264   COMPRESSED   0x0000000c   Data   RW           89    .data..compoundliteral.50  network.o
    0x20000270   COMPRESSED   0x00000004   Data   RW           90    .data..compoundliteral.51  network.o
    0x20000274   COMPRESSED   0x00000030   Data   RW           93    .data..compoundliteral.54  network.o
    0x200002a4   COMPRESSED   0x00000010   Data   RW           94    .data..compoundliteral.55  network.o
    0x200002b4   COMPRESSED   0x00000010   Data   RW           95    .data..compoundliteral.56  network.o
    0x200002c4   COMPRESSED   0x00000010   Data   RW           97    .data..compoundliteral.58  network.o
    0x200002d4   COMPRESSED   0x00000010   Data   RW           98    .data..compoundliteral.59  network.o
    0x200002e4   COMPRESSED   0x00000010   Data   RW           36    .data..compoundliteral.6  network.o
    0x200002f4   COMPRESSED   0x00000010   Data   RW          100    .data..compoundliteral.61  network.o
    0x20000304   COMPRESSED   0x00000010   Data   RW          101    .data..compoundliteral.62  network.o
    0x20000314   COMPRESSED   0x00000004   Data   RW          103    .data..compoundliteral.64  network.o
    0x20000318   COMPRESSED   0x00000004   Data   RW          104    .data..compoundliteral.65  network.o
    0x2000031c   COMPRESSED   0x0000000c   Data   RW          105    .data..compoundliteral.66  network.o
    0x20000328   COMPRESSED   0x00000030   Data   RW          107    .data..compoundliteral.68  network.o
    0x20000358   COMPRESSED   0x00000010   Data   RW          108    .data..compoundliteral.69  network.o
    0x20000368   COMPRESSED   0x0000001c   Data   RW           37    .data..compoundliteral.7  network.o
    0x20000384   COMPRESSED   0x00000010   Data   RW          109    .data..compoundliteral.70  network.o
    0x20000394   COMPRESSED   0x00000010   Data   RW          111    .data..compoundliteral.72  network.o
    0x200003a4   COMPRESSED   0x00000010   Data   RW          112    .data..compoundliteral.73  network.o
    0x200003b4   COMPRESSED   0x00000010   Data   RW          114    .data..compoundliteral.75  network.o
    0x200003c4   COMPRESSED   0x00000010   Data   RW          115    .data..compoundliteral.76  network.o
    0x200003d4   COMPRESSED   0x00000004   Data   RW           38    .data..compoundliteral.8  network.o
    0x200003d8   COMPRESSED   0x00000004   Data   RW         1239    .data.SystemCoreClock  system_stm32l4xx.o
    0x200003dc   COMPRESSED   0x0000001c   Data   RW          102    .data.fcn_1_bias    network.o
    0x200003f8   COMPRESSED   0x0000001c   Data   RW           99    .data.fcn_1_weight  network.o
    0x20000414   COMPRESSED   0x0000001c   Data   RW           80    .data.fcn_4_bias    network.o
    0x20000430   COMPRESSED   0x0000001c   Data   RW           77    .data.fcn_4_weight  network.o
    0x2000044c   COMPRESSED   0x00000048   Data   RW           49    .data.g_network     network.o
    0x20000494   COMPRESSED   0x0000001c   Data   RW          137    .data.g_network_data_map_activations  network_data.o
    0x200004b0   COMPRESSED   0x0000001c   Data   RW          139    .data.g_network_data_map_weights  network_data.o
    0x200004cc   COMPRESSED   0x00000020   Data   RW           62    .data.input_12_layer  network.o
    0x200004ec   COMPRESSED   0x0000001c   Data   RW           74    .data.input_12_output  network.o
    0x20000508   COMPRESSED   0x0000001c   Data   RW           53    .data.input_1_output  network.o
    0x20000524   COMPRESSED   0x00000010   Data   RW           52    .data.input_1_output_array  network.o
    0x20000534   COMPRESSED   0x00000028   Data   RW           58    .data.input_8_layer  network.o
    0x2000055c   COMPRESSED   0x0000001c   Data   RW           88    .data.input_8_output  network.o
    0x20000578   COMPRESSED   0x0000001c   Data   RW          116    .data.input_bias    network.o
    0x20000594   COMPRESSED   0x00000040   Data   RW           61    .data.input_layer   network.o
    0x200005d4   COMPRESSED   0x0000001c   Data   RW          110    .data.input_output  network.o
    0x200005f0   COMPRESSED   0x0000001c   Data   RW           96    .data.input_output0  network.o
    0x2000060c   COMPRESSED   0x0000001c   Data   RW          113    .data.input_weights  network.o
    0x20000628   COMPRESSED   0x00000028   Data   RW           64    .data.node_12_layer  network.o
    0x20000650   COMPRESSED   0x0000001c   Data   RW           57    .data.node_12_output  network.o
    0x2000066c   COMPRESSED   0x00000010   Data   RW           56    .data.node_12_output_array  network.o
    0x2000067c   COMPRESSED   0x00000004   PAD
    0x20000680        -       0x00000014   Zero   RW          214    .bss..L_MergedGlobals  app_x-cube-ai.o
    0x20000694        -       0x0000001c   Zero   RW           40    .bss..compoundliteral.10  network.o
    0x200006b0        -       0x00000008   Zero   RW           41    .bss..compoundliteral.11  network.o
    0x200006b8        -       0x00000010   Zero   RW           44    .bss..compoundliteral.14  network.o
    0x200006c8        -       0x0000001c   Zero   RW           45    .bss..compoundliteral.15  network.o
    0x200006e4        -       0x00000008   Zero   RW           46    .bss..compoundliteral.16  network.o
    0x200006ec        -       0x00000010   Zero   RW           60    .bss..compoundliteral.26  network.o
    0x200006fc        -       0x00000004   Zero   RW           69    .bss..compoundliteral.30  network.o
    0x20000700        -       0x00000004   Zero   RW           70    .bss..compoundliteral.31  network.o
    0x20000704        -       0x00000004   Zero   RW           83    .bss..compoundliteral.44  network.o
    0x20000708        -       0x00000004   Zero   RW           84    .bss..compoundliteral.45  network.o
    0x2000070c        -       0x00000004   Zero   RW           91    .bss..compoundliteral.52  network.o
    0x20000710        -       0x00000004   Zero   RW           92    .bss..compoundliteral.53  network.o
    0x20000714        -       0x00000004   Zero   RW          106    .bss..compoundliteral.67  network.o
    0x20000718        -       0x00000010   Zero   RW           39    .bss..compoundliteral.9  network.o
    0x20000728   COMPRESSED   0x00000018   PAD
    0x20000740        -       0x00000348   Zero   RW          212    .bss.activations    app_x-cube-ai.o
    0x20000a88        -       0x00000024   Zero   RW          185    .bss.hcrc           crc.o
    0x20000aac        -       0x00000084   Zero   RW          241    .bss.huart2         usart.o
    0x20000b30        -       0x00001388   Zero   RW          159    .bss.input          main.o
    0x20001eb8        -       0x00000008   Zero   RW          160    .bss.result         main.o
    0x20001ec0        -       0x00000004   Zero   RW          419    .bss.uwTick         stm32l4xx_hal.o
    0x20001ec4   COMPRESSED   0x00000004   PAD
    0x20001ec8        -       0x00000800   Zero   RW            2    HEAP                startup_stm32l432xx.o
    0x200026c8        -       0x00000800   Zero   RW            1    STACK               startup_stm32l432xx.o


==============================================================================

Image component sizes


      Code (inc. data)   RO Data    RW Data    ZI Data      Debug   Object Name

       110          0          0          0        860       5718   app_x-cube-ai.o
       100          0          0          0         36       3125   crc.o
       112          0          0          0          0       2325   gpio.o
       570         44          0          0       5008       4695   main.o
       470          0         32       1540        148      11918   network.o
        56          0      27776         88          0       3596   network_data.o
        36          8        396          0       4096        844   startup_stm32l432xx.o
       184          0          0          8          4       7578   stm32l4xx_hal.o
       162          0          0          0          0      10087   stm32l4xx_hal_cortex.o
       120          0          0          0          0       8027   stm32l4xx_hal_crc.o
       140          4          0          0          0       2927   stm32l4xx_hal_crc_ex.o
       512          0          0          0          0       5458   stm32l4xx_hal_gpio.o
        50          0          0          0          0       1578   stm32l4xx_hal_msp.o
       156          0          0          0          0       8829   stm32l4xx_hal_pwr_ex.o
      2912          0          0          0          0      11977   stm32l4xx_hal_rcc.o
      1010          0          0          0          0      13663   stm32l4xx_hal_rcc_ex.o
      1956         50         16          0          0      35535   stm32l4xx_hal_uart.o
        22          0          0          0          0       1225   stm32l4xx_it.o
       138          0          0          0          0      13183   stm32l4xx_ll_tim.o
        18          0         72          4          0       2962   system_stm32l4xx.o
       152          0          0          0          0       5729   tim.o
       254          0          0          0        132       6025   usart.o

    ----------------------------------------------------------------------
      9304        106      28324       1640      10316     167004   Object Totals
         0          0         32          0          0          0   (incl. Generated)
        64          0          0          0         32          0   (incl. Padding)

    ----------------------------------------------------------------------

      Code (inc. data)   RO Data    RW Data    ZI Data      Debug   Library Member Name

       380         54          0          0          0        360   ai_datatypes_format.o
        52          6          0          0          0        232   ai_datatypes_internal.o
       158          8          0          0          0        368   ai_platform.o
      2442        110        108          0          0       3244   ai_platform_interface.o
         8          0          0          0          0        116   arm_mat_init_f32.o
        42          0          0          0          0        348   core_common.o
       224          6          0          0          0        624   layers.o
      3326         28          0          0          0       1660   layers_conv2d_generic_float.o
       516         18          0          0          0        656   layers_nl_generic_float.o
        32          6          0          0          0         84   __0scanf.o
        86          0          0          0          0          0   __dczerorl2.o
        28          0          0          0          0         68   _chval.o
       818          4          0          0          0        112   _scanf.o
       338          0          0          0          0         96   _scanf_int.o
        40          6         64          0          0         68   ctype_c.o
         0          0          0          0          0          0   entry.o
         0          0          0          0          0          0   entry10a.o
         0          0          0          0          0          0   entry11a.o
         8          4          0          0          0          0   entry2.o
         4          0          0          0          0          0   entry5.o
         0          0          0          0          0          0   entry7b.o
         0          0          0          0          0          0   entry8b.o
         8          4          0          0          0          0   entry9a.o
        44          6          0          3          0        144   fgetc_b.o
        30          0          0          0          0          0   handlers.o
        36          8          0          0          0         68   init.o
        10          0          0          0          0         68   isspace_c.o
         0          0          0          0          0          0   iusefp.o
         0          0          0          0          0          0   iusesemig.o
        30          0          0          0          0         68   llshl.o
        36          0          0          0          0         68   llsshr.o
        32          0          0          0          0         68   llushr.o
       252         24          0          0          0        252   mallocr.o
        26          0          0          0          0         80   memcmp.o
        36          0          0          0          0         68   memcpya.o
        36          0          0          0          0        108   memseta.o
         0          0          0          8          0          0   mvars.o
      2270         90          0          0          0        452   printfa.o
        40          8          0          0          0         84   scanf_char.o
        20          8          0          0          0         68   scanf_char_file.o
       884         12          0          0          0        216   scanf_fp.o
         0          0          0          0          0          0   semi.o
         0          0          0          4          0          0   stdin.o
         0          0          0          4          0          0   stdout.o
        44          0          0          0          0         80   uidiv.o
       104          0          0          0          0         92   uldiv.o
        48          0          0          0          0         68   cdrcmple.o
        56          0          0          0          0         88   d2f.o
       350          0          0          0          0        148   dadd.o
       222          0          0          0          0        100   ddiv.o
       186          0          0          0          0        176   depilogue.o
        48          0          0          0          0         68   dfixul.o
        26          0          0          0          0         76   dfltui.o
        24          0          0          0          0         76   dfltul.o
       234          0          0          0          0         96   dmul.o
       110          0          0          0          0        168   fepilogue.o

    ----------------------------------------------------------------------
     13768        410        172         20          0      11084   Library Totals
        24          0          0          1          0          0   (incl. Padding)

    ----------------------------------------------------------------------

      Code (inc. data)   RO Data    RW Data    ZI Data      Debug   Library Name

      7148        230        108          0          0       7608   NetworkRuntime710_CM4_Keil.lib
      5292        180         64         19          0       2412   mc_w.l
      1304          0          0          0          0       1064   mf_w.l

    ----------------------------------------------------------------------
     13768        410        172         20          0      11084   Library Totals

    ----------------------------------------------------------------------

==============================================================================


      Code (inc. data)   RO Data    RW Data    ZI Data      Debug   

     23072        516      28496       1660      10316     170900   Grand Totals
     23072        516      28496        640      10316     170900   ELF Image Totals (compressed)
     23072        516      28496        640          0          0   ROM Totals

==============================================================================

    Total RO  Size (Code + RO Data)                51568 (  50.36kB)
    Total RW  Size (RW Data + ZI Data)             11976 (  11.70kB)
    Total ROM Size (Code + RO Data + RW Data)      52208 (  50.98kB)

==============================================================================

